[0.000000] (-) TimerEvent: {}
[0.000470] (telemetry_core) JobQueued: {'identifier': 'telemetry_core', 'dependencies': OrderedDict()}
[0.000990] (telemetry_core) JobStarted: {'identifier': 'telemetry_core'}
[0.010991] (telemetry_core) JobProgress: {'identifier': 'telemetry_core', 'progress': 'cmake'}
[0.011594] (telemetry_core) Command: {'cmd': ['/usr/bin/cmake', '/home/yd/GitRepositories/UREx/src/telemetry_core', '-DCMAKE_EXPORT_COMPILE_COMMANDS=ON', '-DAMENT_CMAKE_SYMLINK_INSTALL=1', '-DCMAKE_INSTALL_PREFIX=/home/yd/GitRepositories/UREx/install/telemetry_core'], 'cwd': '/home/yd/GitRepositories/UREx/build/telemetry_core', 'env': OrderedDict({'NIRI_SOCKET': '/run/user/1000/niri.wayland-1.1631.sock', 'MAIL': '/var/spool/mail/yd', 'USER': 'yd', 'LC_TIME': 'en_SG.UTF-8', 'STARSHIP_SHELL': 'fish', 'NVCC_CCBIN': '/usr/bin/g++', 'HOSTNAME': 'YD-Laptop', 'ILLOGICAL_IMPULSE_VIRTUAL_ENV': '/home/yd/.local/state/quickshell/.venv', 'XDG_SESSION_TYPE': 'wayland', 'XCURSOR_SIZE': '40', 'XDG_CACHE_HOME': '/home/yd/.cache', 'SHLVL': '5', 'LD_LIBRARY_PATH': '/opt/ros/jazzy/opt/rviz_ogre_vendor/lib:/opt/ros/jazzy/lib/x86_64-linux-gnu:/opt/ros/jazzy/opt/gz_math_vendor/lib:/opt/ros/jazzy/opt/gz_utils_vendor/lib:/opt/ros/jazzy/opt/gz_cmake_vendor/lib:/opt/ros/jazzy/lib', 'MOTD_SHOWN': 'pam', 'HOME': '/home/yd', 'TERMINFO': '/usr/lib/kitty/terminfo', 'OLDPWD': '/home/yd/GitRepositories/UREx/src/telemetry_core/src', 'DESKTOP_SESSION': 'niri', 'KITTY_INSTALLATION_DIR': '/usr/lib/kitty', 'QT_STYLE_OVERRIDE': 'Darkly', 'ROS_PYTHON_VERSION': '3', 'GRADLE_HOME': '/usr/share/java/gradle', 'LC_MONETARY': 'en_SG.UTF-8', 'KITTY_PID': '28818', 'MANAGERPID': '1492', 'DISTROBOX_ENTER_PATH': '/usr/bin/distrobox-enter', 'SYSTEMD_EXEC_PID': '1631', 'VISUAL': 'nvim', 'XDG_STATE_HOME': '/home/yd/.local/state', 'DBUS_SESSION_BUS_ADDRESS': 'unix:path=/run/user/1000/bus', 'COLORTERM': 'truecolor', 'container': 'docker', 'DEBUGINFOD_URLS': 'https://debuginfod.cachyos.org https://debuginfod.archlinux.org', 'QT_QPA_PLATFORMTHEME': 'kde', 'WAYLAND_DISPLAY': 'wayland-1', 'ROS_DISTRO': 'jazzy', 'LOGNAME': 'yd', 'INIR_VENV': '/home/yd/.local/state/quickshell/.venv', 'MANAGERPIDFDID': '65590', 'JOURNAL_STREAM': '10:17226', '_': '/usr/bin/colcon', 'ROS_VERSION': '2', 'MEMORY_PRESSURE_WATCH': '/sys/fs/cgroup/user.slice/user-1000.slice/user@1000.service/session.slice/niri.service/memory.pressure', 'XDG_SESSION_CLASS': 'user', 'TERMINFO_DIRS': '/usr/share/terminfo:/run/host/usr/share/terminfo', 'TERM': 'xterm-kitty', 'XDG_SESSION_ID': '2', 'PATH': '/opt/ros/jazzy/bin:/opt/cuda/bin:/opt/rocm/bin:/home/yd/.local/bin:/usr/local/bin:/usr/bin:/var/lib/flatpak/exports/bin:/usr/lib/jvm/default/bin:/usr/bin/site_perl:/usr/bin/vendor_perl:/usr/bin/core_perl:/usr/local/sbin:/usr/sbin:/usr/local/bin:/usr/bin:/sbin:/bin:/usr/local/sbin:/usr/sbin:/sbin:/bin', 'INVOCATION_ID': '9c4034defe0e4a2f8674547e6a727374', 'XDG_SESSION_PATH': '/org/freedesktop/DisplayManager/Session1', 'XDG_MENU_PREFIX': 'plasma-', 'LC_ADDRESS': 'en_SG.UTF-8', 'XDG_RUNTIME_DIR': '/run/user/1000', 'XCURSOR_THEME': 'capitaine-cursors-light', 'DISPLAY': ':1', 'DESKTOP_STARTUP_ID': 'BQdu8aNqeee5HSQrWvs9V2unvz6zBx3O', 'LANG': 'en_GB.UTF-8', 'XDG_CURRENT_DESKTOP': 'niri', 'LC_TELEPHONE': 'en_SG.UTF-8', 'ROCM_PATH': '/opt/rocm', 'XDG_DATA_HOME': '/home/yd/.local/share', 'XDG_CONFIG_HOME': '/home/yd/.config', 'XDG_SESSION_DESKTOP': 'niri', 'AMENT_PREFIX_PATH': '/opt/ros/jazzy', 'CUDA_DISABLE_PERF_BOOST': '1', 'SHELL': 'fish', 'LC_NAME': 'en_SG.UTF-8', 'KITTY_WINDOW_ID': '1', 'QT_LOGGING_RULES': 'quickshell.dbus.properties=false', 'DBX_CONTAINER_MANAGER': 'docker', 'LC_MEASUREMENT': 'en_SG.UTF-8', 'VSSCRIPT_PATH': '/usr/lib/python3.14/site-packages/vapoursynth/libvsscript.so', 'LC_IDENTIFICATION': 'en_SG.UTF-8', 'ELECTRON_OZONE_PLATFORM_HINT': 'auto', 'ROS_AUTOMATIC_DISCOVERY_RANGE': 'SUBNET', 'PWD': '/home/yd/GitRepositories/UREx/build/telemetry_core', 'CONTAINER_ID': 'ubuntu-ros', 'QT_QPA_PLATFORM': 'wayland', 'XDG_CONFIG_DIRS': '/etc/xdg', 'VIRTUAL_ENV_DISABLE_PROMPT': '1', 'XDG_DATA_DIRS': '/home/yd/.local/share/flatpak/exports/share:/var/lib/flatpak/exports/share:/usr/local/share:/usr/share', 'STARSHIP_SESSION_KEY': '1017326375700521', 'PYTHONPATH': '/opt/ros/jazzy/lib/python3.12/site-packages', 'LC_NUMERIC': 'en_SG.UTF-8', 'LC_PAPER': 'en_SG.UTF-8', 'COLCON': '1', 'MEMORY_PRESSURE_WRITE': 'c29tZSAyMDAwMDAgMjAwMDAwMAA=', 'CUDA_PATH': '/opt/cuda', 'EDITOR': 'nvim', 'CMAKE_PREFIX_PATH': '/opt/ros/jazzy/opt/gz_math_vendor:/opt/ros/jazzy/opt/gz_utils_vendor:/opt/ros/jazzy/opt/gz_cmake_vendor:/opt/ros/jazzy'}), 'shell': False}
[0.099677] (-) TimerEvent: {}
[0.152389] (telemetry_core) StdoutLine: {'line': b'-- The C compiler identification is GNU 13.3.0\n'}
[0.199823] (-) TimerEvent: {}
[0.244217] (telemetry_core) StdoutLine: {'line': b'-- The CXX compiler identification is GNU 13.3.0\n'}
[0.268292] (telemetry_core) StdoutLine: {'line': b'-- Detecting C compiler ABI info\n'}
[0.299986] (-) TimerEvent: {}
[0.378686] (telemetry_core) StdoutLine: {'line': b'-- Detecting C compiler ABI info - done\n'}
[0.390198] (telemetry_core) StdoutLine: {'line': b'-- Check for working C compiler: /usr/bin/cc - skipped\n'}
[0.390709] (telemetry_core) StdoutLine: {'line': b'-- Detecting C compile features\n'}
[0.391348] (telemetry_core) StdoutLine: {'line': b'-- Detecting C compile features - done\n'}
[0.400037] (-) TimerEvent: {}
[0.404388] (telemetry_core) StdoutLine: {'line': b'-- Detecting CXX compiler ABI info\n'}
[0.500186] (-) TimerEvent: {}
[0.533106] (telemetry_core) StdoutLine: {'line': b'-- Detecting CXX compiler ABI info - done\n'}
[0.545170] (telemetry_core) StdoutLine: {'line': b'-- Check for working CXX compiler: /usr/bin/c++ - skipped\n'}
[0.545536] (telemetry_core) StdoutLine: {'line': b'-- Detecting CXX compile features\n'}
[0.546131] (telemetry_core) StdoutLine: {'line': b'-- Detecting CXX compile features - done\n'}
[0.549792] (telemetry_core) StdoutLine: {'line': b'-- Found ament_cmake: 2.5.6 (/opt/ros/jazzy/share/ament_cmake/cmake)\n'}
[0.600265] (-) TimerEvent: {}
[0.700532] (-) TimerEvent: {}
[0.737984] (telemetry_core) StdoutLine: {'line': b'-- Found Python3: /usr/bin/python3 (found version "3.12.3") found components: Interpreter \n'}
[0.800621] (-) TimerEvent: {}
[0.865896] (telemetry_core) StdoutLine: {'line': b'-- Override CMake install command with custom implementation using symlinks instead of copying resources\n'}
[0.891979] (telemetry_core) StdoutLine: {'line': b'-- Found rclcpp: 28.1.21 (/opt/ros/jazzy/share/rclcpp/cmake)\n'}
[0.900700] (-) TimerEvent: {}
[1.000979] (-) TimerEvent: {}
[1.033837] (telemetry_core) StdoutLine: {'line': b'-- Found rosidl_generator_c: 4.6.9 (/opt/ros/jazzy/share/rosidl_generator_c/cmake)\n'}
[1.046916] (telemetry_core) StdoutLine: {'line': b'-- Found rosidl_generator_cpp: 4.6.9 (/opt/ros/jazzy/share/rosidl_generator_cpp/cmake)\n'}
[1.064117] (telemetry_core) StdoutLine: {'line': b'-- Using all available rosidl_typesupport_c: rosidl_typesupport_fastrtps_c;rosidl_typesupport_introspection_c\n'}
[1.084401] (telemetry_core) StdoutLine: {'line': b'-- Using all available rosidl_typesupport_cpp: rosidl_typesupport_fastrtps_cpp;rosidl_typesupport_introspection_cpp\n'}
[1.101047] (-) TimerEvent: {}
[1.180742] (telemetry_core) StdoutLine: {'line': b'-- Found rmw_implementation_cmake: 7.3.3 (/opt/ros/jazzy/share/rmw_implementation_cmake/cmake)\n'}
[1.183286] (telemetry_core) StdoutLine: {'line': b'-- Found rmw_fastrtps_cpp: 8.4.4 (/opt/ros/jazzy/share/rmw_fastrtps_cpp/cmake)\n'}
[1.201125] (-) TimerEvent: {}
[1.274265] (telemetry_core) StdoutLine: {'line': b'-- Found OpenSSL: /usr/lib/x86_64-linux-gnu/libcrypto.so (found version "3.0.13")  \n'}
[1.301202] (-) TimerEvent: {}
[1.310402] (telemetry_core) StdoutLine: {'line': b'-- Found FastRTPS: /opt/ros/jazzy/include (Required is at least version "2.13") \n'}
[1.347512] (telemetry_core) StdoutLine: {'line': b"-- Using RMW implementation 'rmw_fastrtps_cpp' as default\n"}
[1.401291] (-) TimerEvent: {}
[1.499207] (telemetry_core) StdoutLine: {'line': b'-- Found geometry_msgs: 5.3.8 (/opt/ros/jazzy/share/geometry_msgs/cmake)\n'}
[1.501386] (-) TimerEvent: {}
[1.565303] (telemetry_core) StdoutLine: {'line': b'-- Found ament_lint_auto: 0.17.5 (/opt/ros/jazzy/share/ament_lint_auto/cmake)\n'}
[1.601510] (-) TimerEvent: {}
[1.701861] (-) TimerEvent: {}
[1.708967] (telemetry_core) StdoutLine: {'line': b"-- Added test 'cppcheck' to perform static code analysis on C / C++ code\n"}
[1.709247] (telemetry_core) StdoutLine: {'line': b'-- Configured cppcheck include dirs: \n'}
[1.709335] (telemetry_core) StdoutLine: {'line': b'-- Configured cppcheck exclude dirs and/or files: \n'}
[1.709943] (telemetry_core) StdoutLine: {'line': b"-- Added test 'lint_cmake' to check CMake code style\n"}
[1.710854] (telemetry_core) StdoutLine: {'line': b"-- Added test 'uncrustify' to check C / C++ code style\n"}
[1.710943] (telemetry_core) StdoutLine: {'line': b'-- Configured uncrustify additional arguments: \n'}
[1.711416] (telemetry_core) StdoutLine: {'line': b"-- Added test 'xmllint' to check XML markup files\n"}
[1.713069] (telemetry_core) StdoutLine: {'line': b'-- Configuring done (1.7s)\n'}
[1.717954] (telemetry_core) StdoutLine: {'line': b'-- Generating done (0.0s)\n'}
[1.719316] (telemetry_core) StderrLine: {'line': b'\x1b[33mCMake Warning:\n'}
[1.719420] (telemetry_core) StderrLine: {'line': b'  Manually-specified variables were not used by the project:\n'}
[1.719495] (telemetry_core) StderrLine: {'line': b'\n'}
[1.719556] (telemetry_core) StderrLine: {'line': b'    CMAKE_EXPORT_COMPILE_COMMANDS\n'}
[1.719613] (telemetry_core) StderrLine: {'line': b'\n'}
[1.719668] (telemetry_core) StderrLine: {'line': b'\x1b[0m\n'}
[1.720145] (telemetry_core) StdoutLine: {'line': b'-- Build files have been written to: /home/yd/GitRepositories/UREx/build/telemetry_core\n'}
[1.729976] (telemetry_core) CommandEnded: {'returncode': 0}
[1.730726] (telemetry_core) JobProgress: {'identifier': 'telemetry_core', 'progress': 'build'}
[1.731620] (telemetry_core) Command: {'cmd': ['/usr/bin/cmake', '--build', '/home/yd/GitRepositories/UREx/build/telemetry_core', '--', '-j24', '-l24'], 'cwd': '/home/yd/GitRepositories/UREx/build/telemetry_core', 'env': OrderedDict({'NIRI_SOCKET': '/run/user/1000/niri.wayland-1.1631.sock', 'MAIL': '/var/spool/mail/yd', 'USER': 'yd', 'LC_TIME': 'en_SG.UTF-8', 'STARSHIP_SHELL': 'fish', 'NVCC_CCBIN': '/usr/bin/g++', 'HOSTNAME': 'YD-Laptop', 'ILLOGICAL_IMPULSE_VIRTUAL_ENV': '/home/yd/.local/state/quickshell/.venv', 'XDG_SESSION_TYPE': 'wayland', 'XCURSOR_SIZE': '40', 'XDG_CACHE_HOME': '/home/yd/.cache', 'SHLVL': '5', 'LD_LIBRARY_PATH': '/opt/ros/jazzy/opt/rviz_ogre_vendor/lib:/opt/ros/jazzy/lib/x86_64-linux-gnu:/opt/ros/jazzy/opt/gz_math_vendor/lib:/opt/ros/jazzy/opt/gz_utils_vendor/lib:/opt/ros/jazzy/opt/gz_cmake_vendor/lib:/opt/ros/jazzy/lib', 'MOTD_SHOWN': 'pam', 'HOME': '/home/yd', 'TERMINFO': '/usr/lib/kitty/terminfo', 'OLDPWD': '/home/yd/GitRepositories/UREx/src/telemetry_core/src', 'DESKTOP_SESSION': 'niri', 'KITTY_INSTALLATION_DIR': '/usr/lib/kitty', 'QT_STYLE_OVERRIDE': 'Darkly', 'ROS_PYTHON_VERSION': '3', 'GRADLE_HOME': '/usr/share/java/gradle', 'LC_MONETARY': 'en_SG.UTF-8', 'KITTY_PID': '28818', 'MANAGERPID': '1492', 'DISTROBOX_ENTER_PATH': '/usr/bin/distrobox-enter', 'SYSTEMD_EXEC_PID': '1631', 'VISUAL': 'nvim', 'XDG_STATE_HOME': '/home/yd/.local/state', 'DBUS_SESSION_BUS_ADDRESS': 'unix:path=/run/user/1000/bus', 'COLORTERM': 'truecolor', 'container': 'docker', 'DEBUGINFOD_URLS': 'https://debuginfod.cachyos.org https://debuginfod.archlinux.org', 'QT_QPA_PLATFORMTHEME': 'kde', 'WAYLAND_DISPLAY': 'wayland-1', 'ROS_DISTRO': 'jazzy', 'LOGNAME': 'yd', 'INIR_VENV': '/home/yd/.local/state/quickshell/.venv', 'MANAGERPIDFDID': '65590', 'JOURNAL_STREAM': '10:17226', '_': '/usr/bin/colcon', 'ROS_VERSION': '2', 'MEMORY_PRESSURE_WATCH': '/sys/fs/cgroup/user.slice/user-1000.slice/user@1000.service/session.slice/niri.service/memory.pressure', 'XDG_SESSION_CLASS': 'user', 'TERMINFO_DIRS': '/usr/share/terminfo:/run/host/usr/share/terminfo', 'TERM': 'xterm-kitty', 'XDG_SESSION_ID': '2', 'PATH': '/opt/ros/jazzy/bin:/opt/cuda/bin:/opt/rocm/bin:/home/yd/.local/bin:/usr/local/bin:/usr/bin:/var/lib/flatpak/exports/bin:/usr/lib/jvm/default/bin:/usr/bin/site_perl:/usr/bin/vendor_perl:/usr/bin/core_perl:/usr/local/sbin:/usr/sbin:/usr/local/bin:/usr/bin:/sbin:/bin:/usr/local/sbin:/usr/sbin:/sbin:/bin', 'INVOCATION_ID': '9c4034defe0e4a2f8674547e6a727374', 'XDG_SESSION_PATH': '/org/freedesktop/DisplayManager/Session1', 'XDG_MENU_PREFIX': 'plasma-', 'LC_ADDRESS': 'en_SG.UTF-8', 'XDG_RUNTIME_DIR': '/run/user/1000', 'XCURSOR_THEME': 'capitaine-cursors-light', 'DISPLAY': ':1', 'DESKTOP_STARTUP_ID': 'BQdu8aNqeee5HSQrWvs9V2unvz6zBx3O', 'LANG': 'en_GB.UTF-8', 'XDG_CURRENT_DESKTOP': 'niri', 'LC_TELEPHONE': 'en_SG.UTF-8', 'ROCM_PATH': '/opt/rocm', 'XDG_DATA_HOME': '/home/yd/.local/share', 'XDG_CONFIG_HOME': '/home/yd/.config', 'XDG_SESSION_DESKTOP': 'niri', 'AMENT_PREFIX_PATH': '/opt/ros/jazzy', 'CUDA_DISABLE_PERF_BOOST': '1', 'SHELL': 'fish', 'LC_NAME': 'en_SG.UTF-8', 'KITTY_WINDOW_ID': '1', 'QT_LOGGING_RULES': 'quickshell.dbus.properties=false', 'DBX_CONTAINER_MANAGER': 'docker', 'LC_MEASUREMENT': 'en_SG.UTF-8', 'VSSCRIPT_PATH': '/usr/lib/python3.14/site-packages/vapoursynth/libvsscript.so', 'LC_IDENTIFICATION': 'en_SG.UTF-8', 'ELECTRON_OZONE_PLATFORM_HINT': 'auto', 'ROS_AUTOMATIC_DISCOVERY_RANGE': 'SUBNET', 'PWD': '/home/yd/GitRepositories/UREx/build/telemetry_core', 'CONTAINER_ID': 'ubuntu-ros', 'QT_QPA_PLATFORM': 'wayland', 'XDG_CONFIG_DIRS': '/etc/xdg', 'VIRTUAL_ENV_DISABLE_PROMPT': '1', 'XDG_DATA_DIRS': '/home/yd/.local/share/flatpak/exports/share:/var/lib/flatpak/exports/share:/usr/local/share:/usr/share', 'STARSHIP_SESSION_KEY': '1017326375700521', 'PYTHONPATH': '/opt/ros/jazzy/lib/python3.12/site-packages', 'LC_NUMERIC': 'en_SG.UTF-8', 'LC_PAPER': 'en_SG.UTF-8', 'COLCON': '1', 'MEMORY_PRESSURE_WRITE': 'c29tZSAyMDAwMDAgMjAwMDAwMAA=', 'CUDA_PATH': '/opt/cuda', 'EDITOR': 'nvim', 'CMAKE_PREFIX_PATH': '/opt/ros/jazzy/opt/gz_math_vendor:/opt/ros/jazzy/opt/gz_utils_vendor:/opt/ros/jazzy/opt/gz_cmake_vendor:/opt/ros/jazzy'}), 'shell': False}
[1.772970] (telemetry_core) CommandEnded: {'returncode': 0}
[1.773642] (telemetry_core) JobProgress: {'identifier': 'telemetry_core', 'progress': 'install'}
[1.782267] (telemetry_core) Command: {'cmd': ['/usr/bin/cmake', '--install', '/home/yd/GitRepositories/UREx/build/telemetry_core'], 'cwd': '/home/yd/GitRepositories/UREx/build/telemetry_core', 'env': OrderedDict({'NIRI_SOCKET': '/run/user/1000/niri.wayland-1.1631.sock', 'MAIL': '/var/spool/mail/yd', 'USER': 'yd', 'LC_TIME': 'en_SG.UTF-8', 'STARSHIP_SHELL': 'fish', 'NVCC_CCBIN': '/usr/bin/g++', 'HOSTNAME': 'YD-Laptop', 'ILLOGICAL_IMPULSE_VIRTUAL_ENV': '/home/yd/.local/state/quickshell/.venv', 'XDG_SESSION_TYPE': 'wayland', 'XCURSOR_SIZE': '40', 'XDG_CACHE_HOME': '/home/yd/.cache', 'SHLVL': '5', 'LD_LIBRARY_PATH': '/opt/ros/jazzy/opt/rviz_ogre_vendor/lib:/opt/ros/jazzy/lib/x86_64-linux-gnu:/opt/ros/jazzy/opt/gz_math_vendor/lib:/opt/ros/jazzy/opt/gz_utils_vendor/lib:/opt/ros/jazzy/opt/gz_cmake_vendor/lib:/opt/ros/jazzy/lib', 'MOTD_SHOWN': 'pam', 'HOME': '/home/yd', 'TERMINFO': '/usr/lib/kitty/terminfo', 'OLDPWD': '/home/yd/GitRepositories/UREx/src/telemetry_core/src', 'DESKTOP_SESSION': 'niri', 'KITTY_INSTALLATION_DIR': '/usr/lib/kitty', 'QT_STYLE_OVERRIDE': 'Darkly', 'ROS_PYTHON_VERSION': '3', 'GRADLE_HOME': '/usr/share/java/gradle', 'LC_MONETARY': 'en_SG.UTF-8', 'KITTY_PID': '28818', 'MANAGERPID': '1492', 'DISTROBOX_ENTER_PATH': '/usr/bin/distrobox-enter', 'SYSTEMD_EXEC_PID': '1631', 'VISUAL': 'nvim', 'XDG_STATE_HOME': '/home/yd/.local/state', 'DBUS_SESSION_BUS_ADDRESS': 'unix:path=/run/user/1000/bus', 'COLORTERM': 'truecolor', 'container': 'docker', 'DEBUGINFOD_URLS': 'https://debuginfod.cachyos.org https://debuginfod.archlinux.org', 'QT_QPA_PLATFORMTHEME': 'kde', 'WAYLAND_DISPLAY': 'wayland-1', 'ROS_DISTRO': 'jazzy', 'LOGNAME': 'yd', 'INIR_VENV': '/home/yd/.local/state/quickshell/.venv', 'MANAGERPIDFDID': '65590', 'JOURNAL_STREAM': '10:17226', '_': '/usr/bin/colcon', 'ROS_VERSION': '2', 'MEMORY_PRESSURE_WATCH': '/sys/fs/cgroup/user.slice/user-1000.slice/user@1000.service/session.slice/niri.service/memory.pressure', 'XDG_SESSION_CLASS': 'user', 'TERMINFO_DIRS': '/usr/share/terminfo:/run/host/usr/share/terminfo', 'TERM': 'xterm-kitty', 'XDG_SESSION_ID': '2', 'PATH': '/opt/ros/jazzy/bin:/opt/cuda/bin:/opt/rocm/bin:/home/yd/.local/bin:/usr/local/bin:/usr/bin:/var/lib/flatpak/exports/bin:/usr/lib/jvm/default/bin:/usr/bin/site_perl:/usr/bin/vendor_perl:/usr/bin/core_perl:/usr/local/sbin:/usr/sbin:/usr/local/bin:/usr/bin:/sbin:/bin:/usr/local/sbin:/usr/sbin:/sbin:/bin', 'INVOCATION_ID': '9c4034defe0e4a2f8674547e6a727374', 'XDG_SESSION_PATH': '/org/freedesktop/DisplayManager/Session1', 'XDG_MENU_PREFIX': 'plasma-', 'LC_ADDRESS': 'en_SG.UTF-8', 'XDG_RUNTIME_DIR': '/run/user/1000', 'XCURSOR_THEME': 'capitaine-cursors-light', 'DISPLAY': ':1', 'DESKTOP_STARTUP_ID': 'BQdu8aNqeee5HSQrWvs9V2unvz6zBx3O', 'LANG': 'en_GB.UTF-8', 'XDG_CURRENT_DESKTOP': 'niri', 'LC_TELEPHONE': 'en_SG.UTF-8', 'ROCM_PATH': '/opt/rocm', 'XDG_DATA_HOME': '/home/yd/.local/share', 'XDG_CONFIG_HOME': '/home/yd/.config', 'XDG_SESSION_DESKTOP': 'niri', 'AMENT_PREFIX_PATH': '/opt/ros/jazzy', 'CUDA_DISABLE_PERF_BOOST': '1', 'SHELL': 'fish', 'LC_NAME': 'en_SG.UTF-8', 'KITTY_WINDOW_ID': '1', 'QT_LOGGING_RULES': 'quickshell.dbus.properties=false', 'DBX_CONTAINER_MANAGER': 'docker', 'LC_MEASUREMENT': 'en_SG.UTF-8', 'VSSCRIPT_PATH': '/usr/lib/python3.14/site-packages/vapoursynth/libvsscript.so', 'LC_IDENTIFICATION': 'en_SG.UTF-8', 'ELECTRON_OZONE_PLATFORM_HINT': 'auto', 'ROS_AUTOMATIC_DISCOVERY_RANGE': 'SUBNET', 'PWD': '/home/yd/GitRepositories/UREx/build/telemetry_core', 'CONTAINER_ID': 'ubuntu-ros', 'QT_QPA_PLATFORM': 'wayland', 'XDG_CONFIG_DIRS': '/etc/xdg', 'VIRTUAL_ENV_DISABLE_PROMPT': '1', 'XDG_DATA_DIRS': '/home/yd/.local/share/flatpak/exports/share:/var/lib/flatpak/exports/share:/usr/local/share:/usr/share', 'STARSHIP_SESSION_KEY': '1017326375700521', 'PYTHONPATH': '/opt/ros/jazzy/lib/python3.12/site-packages', 'LC_NUMERIC': 'en_SG.UTF-8', 'LC_PAPER': 'en_SG.UTF-8', 'COLCON': '1', 'MEMORY_PRESSURE_WRITE': 'c29tZSAyMDAwMDAgMjAwMDAwMAA=', 'CUDA_PATH': '/opt/cuda', 'EDITOR': 'nvim', 'CMAKE_PREFIX_PATH': '/opt/ros/jazzy/opt/gz_math_vendor:/opt/ros/jazzy/opt/gz_utils_vendor:/opt/ros/jazzy/opt/gz_cmake_vendor:/opt/ros/jazzy'}), 'shell': False}
[1.789475] (telemetry_core) StdoutLine: {'line': b'-- Install configuration: ""\n'}
[1.790291] (telemetry_core) StdoutLine: {'line': b'-- Execute custom install script\n'}
[1.790511] (telemetry_core) StdoutLine: {'line': b'-- Symlinking: /home/yd/GitRepositories/UREx/install/telemetry_core/share/ament_index/resource_index/package_run_dependencies/telemetry_core\n'}
[1.798795] (telemetry_core) StdoutLine: {'line': b'-- Symlinking: /home/yd/GitRepositories/UREx/install/telemetry_core/share/ament_index/resource_index/parent_prefix_path/telemetry_core\n'}
[1.801894] (-) TimerEvent: {}
[1.806888] (telemetry_core) StdoutLine: {'line': b'-- Symlinking: /home/yd/GitRepositories/UREx/install/telemetry_core/share/telemetry_core/environment/ament_prefix_path.sh\n'}
[1.814821] (telemetry_core) StdoutLine: {'line': b'-- Symlinking: /home/yd/GitRepositories/UREx/install/telemetry_core/share/telemetry_core/environment/ament_prefix_path.dsv\n'}
[1.822667] (telemetry_core) StdoutLine: {'line': b'-- Symlinking: /home/yd/GitRepositories/UREx/install/telemetry_core/share/telemetry_core/environment/path.sh\n'}
[1.830652] (telemetry_core) StdoutLine: {'line': b'-- Symlinking: /home/yd/GitRepositories/UREx/install/telemetry_core/share/telemetry_core/environment/path.dsv\n'}
[1.838591] (telemetry_core) StdoutLine: {'line': b'-- Symlinking: /home/yd/GitRepositories/UREx/install/telemetry_core/share/telemetry_core/local_setup.bash\n'}
[1.846239] (telemetry_core) StdoutLine: {'line': b'-- Symlinking: /home/yd/GitRepositories/UREx/install/telemetry_core/share/telemetry_core/local_setup.sh\n'}
[1.853961] (telemetry_core) StdoutLine: {'line': b'-- Symlinking: /home/yd/GitRepositories/UREx/install/telemetry_core/share/telemetry_core/local_setup.zsh\n'}
[1.861626] (telemetry_core) StdoutLine: {'line': b'-- Symlinking: /home/yd/GitRepositories/UREx/install/telemetry_core/share/telemetry_core/local_setup.dsv\n'}
[1.869353] (telemetry_core) StdoutLine: {'line': b'-- Symlinking: /home/yd/GitRepositories/UREx/install/telemetry_core/share/telemetry_core/package.dsv\n'}
[1.877161] (telemetry_core) StdoutLine: {'line': b'-- Symlinking: /home/yd/GitRepositories/UREx/install/telemetry_core/share/ament_index/resource_index/packages/telemetry_core\n'}
[1.884904] (telemetry_core) StdoutLine: {'line': b'-- Symlinking: /home/yd/GitRepositories/UREx/install/telemetry_core/share/telemetry_core/cmake/telemetry_coreConfig.cmake\n'}
[1.892636] (telemetry_core) StdoutLine: {'line': b'-- Symlinking: /home/yd/GitRepositories/UREx/install/telemetry_core/share/telemetry_core/cmake/telemetry_coreConfig-version.cmake\n'}
[1.900483] (telemetry_core) StdoutLine: {'line': b'-- Symlinking: /home/yd/GitRepositories/UREx/install/telemetry_core/share/telemetry_core/package.xml\n'}
[1.901995] (-) TimerEvent: {}
[1.909946] (telemetry_core) CommandEnded: {'returncode': 0}
[1.934247] (telemetry_core) JobEnded: {'identifier': 'telemetry_core', 'rc': 0}
[1.935274] (-) EventReactorShutdown: {}
