[0.142s] DEBUG:colcon:Command line arguments: ['/usr/bin/colcon', 'build', '--symlink-install', '--cmake-args', '-DCMAKE_EXPORT_COMPILE_COMMANDS=ON']
[0.142s] DEBUG:colcon:Parsed command line arguments: Namespace(log_base=None, log_level=None, verb_name='build', build_base='build', install_base='install', merge_install=False, symlink_install=True, test_result_base=None, continue_on_error=False, executor='parallel', parallel_workers=24, event_handlers=None, ignore_user_meta=False, metas=['./colcon.meta'], base_paths=['.'], packages_ignore=None, packages_ignore_regex=None, paths=None, packages_up_to=None, packages_up_to_regex=None, packages_above=None, packages_above_and_dependencies=None, packages_above_depth=None, packages_select_by_dep=None, packages_skip_by_dep=None, packages_skip_up_to=None, packages_select_build_failed=False, packages_skip_build_finished=False, packages_select_test_failures=False, packages_skip_test_passed=False, packages_select=None, packages_skip=None, packages_select_regex=None, packages_skip_regex=None, packages_start=None, packages_end=None, allow_overriding=[], cmake_args=['-DCMAKE_EXPORT_COMPILE_COMMANDS=ON'], cmake_target=None, cmake_target_skip_unavailable=False, cmake_clean_cache=False, cmake_clean_first=False, cmake_force_configure=False, ament_cmake_args=None, catkin_cmake_args=None, catkin_skip_building_tests=False, mixin_files=None, mixin=None, verb_parser=<colcon_mixin.mixin.mixin_argument.MixinArgumentDecorator object at 0x7f6dd41b9be0>, verb_extension=<colcon_core.verb.build.BuildVerb object at 0x7f6dd43066f0>, main=<bound method BuildVerb.main of <colcon_core.verb.build.BuildVerb object at 0x7f6dd43066f0>>, mixin_verb=('build',))
[0.202s] Level 1:colcon.colcon_core.package_discovery:discover_packages(colcon_meta) check parameters
[0.202s] Level 1:colcon.colcon_core.package_discovery:discover_packages(recursive) check parameters
[0.202s] Level 1:colcon.colcon_core.package_discovery:discover_packages(ignore) check parameters
[0.202s] Level 1:colcon.colcon_core.package_discovery:discover_packages(path) check parameters
[0.202s] Level 1:colcon.colcon_core.package_discovery:discover_packages(colcon_meta) discover
[0.202s] Level 1:colcon.colcon_core.package_discovery:discover_packages(recursive) discover
[0.202s] INFO:colcon.colcon_core.package_discovery:Crawling recursively for packages in '/home/yd/GitRepositories/UREx'
[0.202s] Level 1:colcon.colcon_core.package_identification:_identify(.) by extensions ['ignore', 'ignore_ament_install']
[0.202s] Level 1:colcon.colcon_core.package_identification:_identify(.) by extension 'ignore'
[0.202s] Level 1:colcon.colcon_core.package_identification:_identify(.) by extension 'ignore_ament_install'
[0.202s] Level 1:colcon.colcon_core.package_identification:_identify(.) by extensions ['colcon_pkg']
[0.202s] Level 1:colcon.colcon_core.package_identification:_identify(.) by extension 'colcon_pkg'
[0.202s] Level 1:colcon.colcon_core.package_identification:_identify(.) by extensions ['colcon_meta']
[0.203s] Level 1:colcon.colcon_core.package_identification:_identify(.) by extension 'colcon_meta'
[0.203s] Level 1:colcon.colcon_core.package_identification:_identify(.) by extensions ['ros']
[0.203s] Level 1:colcon.colcon_core.package_identification:_identify(.) by extension 'ros'
[0.233s] Level 1:colcon.colcon_core.package_identification:_identify(.) by extensions ['cmake', 'python']
[0.233s] Level 1:colcon.colcon_core.package_identification:_identify(.) by extension 'cmake'
[0.233s] Level 1:colcon.colcon_core.package_identification:_identify(.) by extension 'python'
[0.233s] Level 1:colcon.colcon_core.package_identification:_identify(.) by extensions ['python_setup_py']
[0.233s] Level 1:colcon.colcon_core.package_identification:_identify(.) by extension 'python_setup_py'
[0.233s] Level 1:colcon.colcon_core.package_identification:_identify(build) by extensions ['ignore', 'ignore_ament_install']
[0.233s] Level 1:colcon.colcon_core.package_identification:_identify(build) by extension 'ignore'
[0.233s] Level 1:colcon.colcon_core.package_identification:_identify(build) ignored
[0.234s] Level 1:colcon.colcon_core.package_identification:_identify(install) by extensions ['ignore', 'ignore_ament_install']
[0.234s] Level 1:colcon.colcon_core.package_identification:_identify(install) by extension 'ignore'
[0.234s] Level 1:colcon.colcon_core.package_identification:_identify(install) ignored
[0.234s] Level 1:colcon.colcon_core.package_identification:_identify(log) by extensions ['ignore', 'ignore_ament_install']
[0.234s] Level 1:colcon.colcon_core.package_identification:_identify(log) by extension 'ignore'
[0.234s] Level 1:colcon.colcon_core.package_identification:_identify(log) ignored
[0.234s] Level 1:colcon.colcon_core.package_identification:_identify(src) by extensions ['ignore', 'ignore_ament_install']
[0.234s] Level 1:colcon.colcon_core.package_identification:_identify(src) by extension 'ignore'
[0.234s] Level 1:colcon.colcon_core.package_identification:_identify(src) by extension 'ignore_ament_install'
[0.234s] Level 1:colcon.colcon_core.package_identification:_identify(src) by extensions ['colcon_pkg']
[0.234s] Level 1:colcon.colcon_core.package_identification:_identify(src) by extension 'colcon_pkg'
[0.234s] Level 1:colcon.colcon_core.package_identification:_identify(src) by extensions ['colcon_meta']
[0.234s] Level 1:colcon.colcon_core.package_identification:_identify(src) by extension 'colcon_meta'
[0.234s] Level 1:colcon.colcon_core.package_identification:_identify(src) by extensions ['ros']
[0.234s] Level 1:colcon.colcon_core.package_identification:_identify(src) by extension 'ros'
[0.234s] Level 1:colcon.colcon_core.package_identification:_identify(src) by extensions ['cmake', 'python']
[0.234s] Level 1:colcon.colcon_core.package_identification:_identify(src) by extension 'cmake'
[0.234s] Level 1:colcon.colcon_core.package_identification:_identify(src) by extension 'python'
[0.234s] Level 1:colcon.colcon_core.package_identification:_identify(src) by extensions ['python_setup_py']
[0.234s] Level 1:colcon.colcon_core.package_identification:_identify(src) by extension 'python_setup_py'
[0.235s] Level 1:colcon.colcon_core.package_identification:_identify(src/telemetry_core) by extensions ['ignore', 'ignore_ament_install']
[0.235s] Level 1:colcon.colcon_core.package_identification:_identify(src/telemetry_core) by extension 'ignore'
[0.235s] Level 1:colcon.colcon_core.package_identification:_identify(src/telemetry_core) by extension 'ignore_ament_install'
[0.235s] Level 1:colcon.colcon_core.package_identification:_identify(src/telemetry_core) by extensions ['colcon_pkg']
[0.235s] Level 1:colcon.colcon_core.package_identification:_identify(src/telemetry_core) by extension 'colcon_pkg'
[0.235s] Level 1:colcon.colcon_core.package_identification:_identify(src/telemetry_core) by extensions ['colcon_meta']
[0.235s] Level 1:colcon.colcon_core.package_identification:_identify(src/telemetry_core) by extension 'colcon_meta'
[0.235s] Level 1:colcon.colcon_core.package_identification:_identify(src/telemetry_core) by extensions ['ros']
[0.235s] Level 1:colcon.colcon_core.package_identification:_identify(src/telemetry_core) by extension 'ros'
[0.238s] DEBUG:colcon.colcon_core.package_identification:Package 'src/telemetry_core' with type 'ros.ament_cmake' and name 'telemetry_core'
[0.239s] Level 1:colcon.colcon_core.package_discovery:discover_packages(recursive) using defaults
[0.239s] Level 1:colcon.colcon_core.package_discovery:discover_packages(ignore) discover
[0.239s] Level 1:colcon.colcon_core.package_discovery:discover_packages(ignore) using defaults
[0.239s] Level 1:colcon.colcon_core.package_discovery:discover_packages(path) discover
[0.239s] Level 1:colcon.colcon_core.package_discovery:discover_packages(path) using defaults
[0.267s] Level 1:colcon.colcon_core.package_discovery:discover_packages(prefix_path) check parameters
[0.267s] Level 1:colcon.colcon_core.package_discovery:discover_packages(prefix_path) discover
[0.270s] DEBUG:colcon.colcon_installed_package_information.package_discovery:Found 288 installed packages in /opt/ros/jazzy
[0.271s] Level 1:colcon.colcon_core.package_discovery:discover_packages(prefix_path) using defaults
[0.312s] Level 5:colcon.colcon_core.verb:set package 'telemetry_core' build argument 'cmake_args' from command line to '['-DCMAKE_EXPORT_COMPILE_COMMANDS=ON']'
[0.312s] Level 5:colcon.colcon_core.verb:set package 'telemetry_core' build argument 'cmake_target' from command line to 'None'
[0.312s] Level 5:colcon.colcon_core.verb:set package 'telemetry_core' build argument 'cmake_target_skip_unavailable' from command line to 'False'
[0.313s] Level 5:colcon.colcon_core.verb:set package 'telemetry_core' build argument 'cmake_clean_cache' from command line to 'False'
[0.313s] Level 5:colcon.colcon_core.verb:set package 'telemetry_core' build argument 'cmake_clean_first' from command line to 'False'
[0.313s] Level 5:colcon.colcon_core.verb:set package 'telemetry_core' build argument 'cmake_force_configure' from command line to 'False'
[0.313s] Level 5:colcon.colcon_core.verb:set package 'telemetry_core' build argument 'ament_cmake_args' from command line to 'None'
[0.313s] Level 5:colcon.colcon_core.verb:set package 'telemetry_core' build argument 'catkin_cmake_args' from command line to 'None'
[0.313s] Level 5:colcon.colcon_core.verb:set package 'telemetry_core' build argument 'catkin_skip_building_tests' from command line to 'False'
[0.313s] DEBUG:colcon.colcon_core.verb:Building package 'telemetry_core' with the following arguments: {'ament_cmake_args': None, 'build_base': '/home/yd/GitRepositories/UREx/build/telemetry_core', 'catkin_cmake_args': None, 'catkin_skip_building_tests': False, 'cmake_args': ['-DCMAKE_EXPORT_COMPILE_COMMANDS=ON'], 'cmake_clean_cache': False, 'cmake_clean_first': False, 'cmake_force_configure': False, 'cmake_target': None, 'cmake_target_skip_unavailable': False, 'install_base': '/home/yd/GitRepositories/UREx/install/telemetry_core', 'merge_install': False, 'path': '/home/yd/GitRepositories/UREx/src/telemetry_core', 'symlink_install': True, 'test_result_base': None}
[0.313s] INFO:colcon.colcon_core.executor:Executing jobs using 'parallel' executor
[0.314s] DEBUG:colcon.colcon_parallel_executor.executor.parallel:run_until_complete
[0.315s] INFO:colcon.colcon_ros.task.ament_cmake.build:Building ROS package in '/home/yd/GitRepositories/UREx/src/telemetry_core' with build type 'ament_cmake'
[0.315s] INFO:colcon.colcon_cmake.task.cmake.build:Building CMake package in '/home/yd/GitRepositories/UREx/src/telemetry_core'
[0.318s] INFO:colcon.colcon_core.plugin_system:Skipping extension 'colcon_core.shell.bat': Not used on non-Windows systems
[0.318s] INFO:colcon.colcon_core.shell:Skip shell extension 'powershell' for command environment: Not usable outside of PowerShell
[0.318s] DEBUG:colcon.colcon_core.shell:Skip shell extension 'dsv' for command environment
[0.327s] DEBUG:colcon.colcon_core.event_handler.log_command:Invoking command in '/home/yd/GitRepositories/UREx/build/telemetry_core': CMAKE_PREFIX_PATH=${CMAKE_PREFIX_PATH}:/opt/ros/jazzy DEBUGINFOD_URLS=https://debuginfod.cachyos.org https://debuginfod.archlinux.org /usr/bin/cmake /home/yd/GitRepositories/UREx/src/telemetry_core -DCMAKE_EXPORT_COMPILE_COMMANDS=ON -DAMENT_CMAKE_SYMLINK_INSTALL=1 -DCMAKE_INSTALL_PREFIX=/home/yd/GitRepositories/UREx/install/telemetry_core
[2.045s] DEBUG:colcon.colcon_core.event_handler.log_command:Invoked command in '/home/yd/GitRepositories/UREx/build/telemetry_core' returned '0': CMAKE_PREFIX_PATH=${CMAKE_PREFIX_PATH}:/opt/ros/jazzy DEBUGINFOD_URLS=https://debuginfod.cachyos.org https://debuginfod.archlinux.org /usr/bin/cmake /home/yd/GitRepositories/UREx/src/telemetry_core -DCMAKE_EXPORT_COMPILE_COMMANDS=ON -DAMENT_CMAKE_SYMLINK_INSTALL=1 -DCMAKE_INSTALL_PREFIX=/home/yd/GitRepositories/UREx/install/telemetry_core
[2.046s] DEBUG:colcon.colcon_core.event_handler.log_command:Invoking command in '/home/yd/GitRepositories/UREx/build/telemetry_core': CMAKE_PREFIX_PATH=${CMAKE_PREFIX_PATH}:/opt/ros/jazzy DEBUGINFOD_URLS=https://debuginfod.cachyos.org https://debuginfod.archlinux.org /usr/bin/cmake --build /home/yd/GitRepositories/UREx/build/telemetry_core -- -j24 -l24
[2.087s] DEBUG:colcon.colcon_core.event_handler.log_command:Invoked command in '/home/yd/GitRepositories/UREx/build/telemetry_core' returned '0': CMAKE_PREFIX_PATH=${CMAKE_PREFIX_PATH}:/opt/ros/jazzy DEBUGINFOD_URLS=https://debuginfod.cachyos.org https://debuginfod.archlinux.org /usr/bin/cmake --build /home/yd/GitRepositories/UREx/build/telemetry_core -- -j24 -l24
[2.097s] DEBUG:colcon.colcon_core.event_handler.log_command:Invoking command in '/home/yd/GitRepositories/UREx/build/telemetry_core': CMAKE_PREFIX_PATH=${CMAKE_PREFIX_PATH}:/opt/ros/jazzy DEBUGINFOD_URLS=https://debuginfod.cachyos.org https://debuginfod.archlinux.org /usr/bin/cmake --install /home/yd/GitRepositories/UREx/build/telemetry_core
[2.224s] Level 1:colcon.colcon_core.environment:create_environment_scripts_only(telemetry_core)
[2.224s] DEBUG:colcon.colcon_core.event_handler.log_command:Invoked command in '/home/yd/GitRepositories/UREx/build/telemetry_core' returned '0': CMAKE_PREFIX_PATH=${CMAKE_PREFIX_PATH}:/opt/ros/jazzy DEBUGINFOD_URLS=https://debuginfod.cachyos.org https://debuginfod.archlinux.org /usr/bin/cmake --install /home/yd/GitRepositories/UREx/build/telemetry_core
[2.234s] Level 1:colcon.colcon_core.environment:checking '/home/yd/GitRepositories/UREx/install/telemetry_core' for CMake module files
[2.235s] Level 1:colcon.colcon_core.environment:checking '/home/yd/GitRepositories/UREx/install/telemetry_core' for CMake config files
[2.235s] Level 1:colcon.colcon_core.shell:create_environment_hook('telemetry_core', 'cmake_prefix_path')
[2.235s] INFO:colcon.colcon_core.shell:Creating environment hook '/home/yd/GitRepositories/UREx/install/telemetry_core/share/telemetry_core/hook/cmake_prefix_path.ps1'
[2.236s] INFO:colcon.colcon_core.shell:Creating environment descriptor '/home/yd/GitRepositories/UREx/install/telemetry_core/share/telemetry_core/hook/cmake_prefix_path.dsv'
[2.236s] INFO:colcon.colcon_core.shell:Creating environment hook '/home/yd/GitRepositories/UREx/install/telemetry_core/share/telemetry_core/hook/cmake_prefix_path.sh'
[2.237s] Level 1:colcon.colcon_core.environment:checking '/home/yd/GitRepositories/UREx/install/telemetry_core/bin'
[2.237s] Level 1:colcon.colcon_core.environment:checking '/home/yd/GitRepositories/UREx/install/telemetry_core/lib/pkgconfig/telemetry_core.pc'
[2.237s] Level 1:colcon.colcon_core.environment:checking '/home/yd/GitRepositories/UREx/install/telemetry_core/lib/python3.12/site-packages'
[2.238s] Level 1:colcon.colcon_core.environment:checking '/home/yd/GitRepositories/UREx/install/telemetry_core/bin'
[2.238s] INFO:colcon.colcon_core.shell:Creating package script '/home/yd/GitRepositories/UREx/install/telemetry_core/share/telemetry_core/package.ps1'
[2.239s] INFO:colcon.colcon_core.shell:Creating package descriptor '/home/yd/GitRepositories/UREx/install/telemetry_core/share/telemetry_core/package.dsv'
[2.240s] INFO:colcon.colcon_core.shell:Creating package script '/home/yd/GitRepositories/UREx/install/telemetry_core/share/telemetry_core/package.sh'
[2.240s] INFO:colcon.colcon_core.shell:Creating package script '/home/yd/GitRepositories/UREx/install/telemetry_core/share/telemetry_core/package.bash'
[2.241s] INFO:colcon.colcon_core.shell:Creating package script '/home/yd/GitRepositories/UREx/install/telemetry_core/share/telemetry_core/package.zsh'
[2.241s] Level 1:colcon.colcon_core.environment:create_file_with_runtime_dependencies(/home/yd/GitRepositories/UREx/install/telemetry_core/share/colcon-core/packages/telemetry_core)
[2.242s] Level 1:colcon.colcon_core.environment:create_environment_scripts_only(telemetry_core)
[2.242s] Level 1:colcon.colcon_core.environment:checking '/home/yd/GitRepositories/UREx/install/telemetry_core' for CMake module files
[2.242s] Level 1:colcon.colcon_core.environment:checking '/home/yd/GitRepositories/UREx/install/telemetry_core' for CMake config files
[2.243s] Level 1:colcon.colcon_core.shell:create_environment_hook('telemetry_core', 'cmake_prefix_path')
[2.243s] INFO:colcon.colcon_core.shell:Creating environment hook '/home/yd/GitRepositories/UREx/install/telemetry_core/share/telemetry_core/hook/cmake_prefix_path.ps1'
[2.243s] INFO:colcon.colcon_core.shell:Creating environment descriptor '/home/yd/GitRepositories/UREx/install/telemetry_core/share/telemetry_core/hook/cmake_prefix_path.dsv'
[2.244s] INFO:colcon.colcon_core.shell:Creating environment hook '/home/yd/GitRepositories/UREx/install/telemetry_core/share/telemetry_core/hook/cmake_prefix_path.sh'
[2.244s] Level 1:colcon.colcon_core.environment:checking '/home/yd/GitRepositories/UREx/install/telemetry_core/bin'
[2.244s] Level 1:colcon.colcon_core.environment:checking '/home/yd/GitRepositories/UREx/install/telemetry_core/lib/pkgconfig/telemetry_core.pc'
[2.245s] Level 1:colcon.colcon_core.environment:checking '/home/yd/GitRepositories/UREx/install/telemetry_core/lib/python3.12/site-packages'
[2.245s] Level 1:colcon.colcon_core.environment:checking '/home/yd/GitRepositories/UREx/install/telemetry_core/bin'
[2.245s] INFO:colcon.colcon_core.shell:Creating package script '/home/yd/GitRepositories/UREx/install/telemetry_core/share/telemetry_core/package.ps1'
[2.246s] INFO:colcon.colcon_core.shell:Creating package descriptor '/home/yd/GitRepositories/UREx/install/telemetry_core/share/telemetry_core/package.dsv'
[2.246s] INFO:colcon.colcon_core.shell:Creating package script '/home/yd/GitRepositories/UREx/install/telemetry_core/share/telemetry_core/package.sh'
[2.247s] INFO:colcon.colcon_core.shell:Creating package script '/home/yd/GitRepositories/UREx/install/telemetry_core/share/telemetry_core/package.bash'
[2.247s] INFO:colcon.colcon_core.shell:Creating package script '/home/yd/GitRepositories/UREx/install/telemetry_core/share/telemetry_core/package.zsh'
[2.248s] Level 1:colcon.colcon_core.environment:create_file_with_runtime_dependencies(/home/yd/GitRepositories/UREx/install/telemetry_core/share/colcon-core/packages/telemetry_core)
[2.248s] DEBUG:colcon.colcon_parallel_executor.executor.parallel:closing loop
[2.249s] DEBUG:colcon.colcon_parallel_executor.executor.parallel:loop closed
[2.249s] DEBUG:colcon.colcon_parallel_executor.executor.parallel:run_until_complete finished with '0'
[2.249s] DEBUG:colcon.colcon_core.event_reactor:joining thread
[2.263s] INFO:colcon.colcon_core.plugin_system:Skipping extension 'colcon_notification.desktop_notification.notify_send': Could not find 'notify-send'
[2.263s] INFO:colcon.colcon_core.plugin_system:Skipping extension 'colcon_notification.desktop_notification.terminal_notifier': Not used on non-Darwin systems
[2.263s] INFO:colcon.colcon_core.plugin_system:Skipping extension 'colcon_notification.desktop_notification.win32': Not used on non-Windows systems
[2.263s] INFO:colcon.colcon_notification.desktop_notification:Sending desktop notification using 'notify2'
[2.265s] DEBUG:colcon.colcon_core.event_reactor:joined thread
[2.265s] INFO:colcon.colcon_core.shell:Creating prefix script '/home/yd/GitRepositories/UREx/install/local_setup.ps1'
[2.266s] INFO:colcon.colcon_core.shell:Creating prefix util module '/home/yd/GitRepositories/UREx/install/_local_setup_util_ps1.py'
[2.268s] INFO:colcon.colcon_core.shell:Creating prefix chain script '/home/yd/GitRepositories/UREx/install/setup.ps1'
[2.268s] INFO:colcon.colcon_core.shell:Creating prefix script '/home/yd/GitRepositories/UREx/install/local_setup.sh'
[2.269s] INFO:colcon.colcon_core.shell:Creating prefix util module '/home/yd/GitRepositories/UREx/install/_local_setup_util_sh.py'
[2.270s] INFO:colcon.colcon_core.shell:Creating prefix chain script '/home/yd/GitRepositories/UREx/install/setup.sh'
[2.270s] INFO:colcon.colcon_core.shell:Creating prefix script '/home/yd/GitRepositories/UREx/install/local_setup.bash'
[2.271s] INFO:colcon.colcon_core.shell:Creating prefix chain script '/home/yd/GitRepositories/UREx/install/setup.bash'
[2.271s] INFO:colcon.colcon_core.shell:Creating prefix script '/home/yd/GitRepositories/UREx/install/local_setup.zsh'
[2.272s] INFO:colcon.colcon_core.shell:Creating prefix chain script '/home/yd/GitRepositories/UREx/install/setup.zsh'
