[0.012s] Invoking command in '/home/yd/GitRepositories/UREx/build/telemetry_core': CMAKE_PREFIX_PATH=${CMAKE_PREFIX_PATH}:/opt/ros/jazzy DEBUGINFOD_URLS=https://debuginfod.cachyos.org https://debuginfod.archlinux.org /usr/bin/cmake /home/yd/GitRepositories/UREx/src/telemetry_core -DCMAKE_EXPORT_COMPILE_COMMANDS=ON -DAMENT_CMAKE_SYMLINK_INSTALL=1 -DCMAKE_INSTALL_PREFIX=/home/yd/GitRepositories/UREx/install/telemetry_core
[0.152s] -- The C compiler identification is GNU 13.3.0
[0.243s] -- The CXX compiler identification is GNU 13.3.0
[0.268s] -- Detecting C compiler ABI info
[0.378s] -- Detecting C compiler ABI info - done
[0.389s] -- Check for working C compiler: /usr/bin/cc - skipped
[0.390s] -- Detecting C compile features
[0.390s] -- Detecting C compile features - done
[0.403s] -- Detecting CXX compiler ABI info
[0.532s] -- Detecting CXX compiler ABI info - done
[0.544s] -- Check for working CXX compiler: /usr/bin/c++ - skipped
[0.545s] -- Detecting CXX compile features
[0.545s] -- Detecting CXX compile features - done
[0.549s] -- Found ament_cmake: 2.5.6 (/opt/ros/jazzy/share/ament_cmake/cmake)
[0.737s] -- Found Python3: /usr/bin/python3 (found version "3.12.3") found components: Interpreter 
[0.865s] -- Override CMake install command with custom implementation using symlinks instead of copying resources
[0.891s] -- Found rclcpp: 28.1.21 (/opt/ros/jazzy/share/rclcpp/cmake)
[1.033s] -- Found rosidl_generator_c: 4.6.9 (/opt/ros/jazzy/share/rosidl_generator_c/cmake)
[1.046s] -- Found rosidl_generator_cpp: 4.6.9 (/opt/ros/jazzy/share/rosidl_generator_cpp/cmake)
[1.063s] -- Using all available rosidl_typesupport_c: rosidl_typesupport_fastrtps_c;rosidl_typesupport_introspection_c
[1.084s] -- Using all available rosidl_typesupport_cpp: rosidl_typesupport_fastrtps_cpp;rosidl_typesupport_introspection_cpp
[1.180s] -- Found rmw_implementation_cmake: 7.3.3 (/opt/ros/jazzy/share/rmw_implementation_cmake/cmake)
[1.182s] -- Found rmw_fastrtps_cpp: 8.4.4 (/opt/ros/jazzy/share/rmw_fastrtps_cpp/cmake)
[1.273s] -- Found OpenSSL: /usr/lib/x86_64-linux-gnu/libcrypto.so (found version "3.0.13")  
[1.310s] -- Found FastRTPS: /opt/ros/jazzy/include (Required is at least version "2.13") 
[1.347s] -- Using RMW implementation 'rmw_fastrtps_cpp' as default
[1.498s] -- Found geometry_msgs: 5.3.8 (/opt/ros/jazzy/share/geometry_msgs/cmake)
[1.565s] -- Found ament_lint_auto: 0.17.5 (/opt/ros/jazzy/share/ament_lint_auto/cmake)
[1.708s] -- Added test 'cppcheck' to perform static code analysis on C / C++ code
[1.708s] -- Configured cppcheck include dirs: 
[1.708s] -- Configured cppcheck exclude dirs and/or files: 
[1.709s] -- Added test 'lint_cmake' to check CMake code style
[1.710s] -- Added test 'uncrustify' to check C / C++ code style
[1.710s] -- Configured uncrustify additional arguments: 
[1.710s] -- Added test 'xmllint' to check XML markup files
[1.712s] -- Configuring done (1.7s)
[1.717s] -- Generating done (0.0s)
[1.718s] [33mCMake Warning:
[1.718s]   Manually-specified variables were not used by the project:
[1.719s] 
[1.719s]     CMAKE_EXPORT_COMPILE_COMMANDS
[1.719s] 
[1.719s] [0m
[1.719s] -- Build files have been written to: /home/yd/GitRepositories/UREx/build/telemetry_core
[1.729s] Invoked command in '/home/yd/GitRepositories/UREx/build/telemetry_core' returned '0': CMAKE_PREFIX_PATH=${CMAKE_PREFIX_PATH}:/opt/ros/jazzy DEBUGINFOD_URLS=https://debuginfod.cachyos.org https://debuginfod.archlinux.org /usr/bin/cmake /home/yd/GitRepositories/UREx/src/telemetry_core -DCMAKE_EXPORT_COMPILE_COMMANDS=ON -DAMENT_CMAKE_SYMLINK_INSTALL=1 -DCMAKE_INSTALL_PREFIX=/home/yd/GitRepositories/UREx/install/telemetry_core
[1.731s] Invoking command in '/home/yd/GitRepositories/UREx/build/telemetry_core': CMAKE_PREFIX_PATH=${CMAKE_PREFIX_PATH}:/opt/ros/jazzy DEBUGINFOD_URLS=https://debuginfod.cachyos.org https://debuginfod.archlinux.org /usr/bin/cmake --build /home/yd/GitRepositories/UREx/build/telemetry_core -- -j24 -l24
[1.772s] Invoked command in '/home/yd/GitRepositories/UREx/build/telemetry_core' returned '0': CMAKE_PREFIX_PATH=${CMAKE_PREFIX_PATH}:/opt/ros/jazzy DEBUGINFOD_URLS=https://debuginfod.cachyos.org https://debuginfod.archlinux.org /usr/bin/cmake --build /home/yd/GitRepositories/UREx/build/telemetry_core -- -j24 -l24
[1.782s] Invoking command in '/home/yd/GitRepositories/UREx/build/telemetry_core': CMAKE_PREFIX_PATH=${CMAKE_PREFIX_PATH}:/opt/ros/jazzy DEBUGINFOD_URLS=https://debuginfod.cachyos.org https://debuginfod.archlinux.org /usr/bin/cmake --install /home/yd/GitRepositories/UREx/build/telemetry_core
[1.789s] -- Install configuration: ""
[1.789s] -- Execute custom install script
[1.790s] -- Symlinking: /home/yd/GitRepositories/UREx/install/telemetry_core/share/ament_index/resource_index/package_run_dependencies/telemetry_core
[1.798s] -- Symlinking: /home/yd/GitRepositories/UREx/install/telemetry_core/share/ament_index/resource_index/parent_prefix_path/telemetry_core
[1.806s] -- Symlinking: /home/yd/GitRepositories/UREx/install/telemetry_core/share/telemetry_core/environment/ament_prefix_path.sh
[1.814s] -- Symlinking: /home/yd/GitRepositories/UREx/install/telemetry_core/share/telemetry_core/environment/ament_prefix_path.dsv
[1.822s] -- Symlinking: /home/yd/GitRepositories/UREx/install/telemetry_core/share/telemetry_core/environment/path.sh
[1.830s] -- Symlinking: /home/yd/GitRepositories/UREx/install/telemetry_core/share/telemetry_core/environment/path.dsv
[1.838s] -- Symlinking: /home/yd/GitRepositories/UREx/install/telemetry_core/share/telemetry_core/local_setup.bash
[1.845s] -- Symlinking: /home/yd/GitRepositories/UREx/install/telemetry_core/share/telemetry_core/local_setup.sh
[1.853s] -- Symlinking: /home/yd/GitRepositories/UREx/install/telemetry_core/share/telemetry_core/local_setup.zsh
[1.861s] -- Symlinking: /home/yd/GitRepositories/UREx/install/telemetry_core/share/telemetry_core/local_setup.dsv
[1.868s] -- Symlinking: /home/yd/GitRepositories/UREx/install/telemetry_core/share/telemetry_core/package.dsv
[1.876s] -- Symlinking: /home/yd/GitRepositories/UREx/install/telemetry_core/share/ament_index/resource_index/packages/telemetry_core
[1.884s] -- Symlinking: /home/yd/GitRepositories/UREx/install/telemetry_core/share/telemetry_core/cmake/telemetry_coreConfig.cmake
[1.892s] -- Symlinking: /home/yd/GitRepositories/UREx/install/telemetry_core/share/telemetry_core/cmake/telemetry_coreConfig-version.cmake
[1.900s] -- Symlinking: /home/yd/GitRepositories/UREx/install/telemetry_core/share/telemetry_core/package.xml
[1.909s] Invoked command in '/home/yd/GitRepositories/UREx/build/telemetry_core' returned '0': CMAKE_PREFIX_PATH=${CMAKE_PREFIX_PATH}:/opt/ros/jazzy DEBUGINFOD_URLS=https://debuginfod.cachyos.org https://debuginfod.archlinux.org /usr/bin/cmake --install /home/yd/GitRepositories/UREx/build/telemetry_core
