[0.000000] (-) TimerEvent: {}
[0.000591] (telemetry_core) JobQueued: {'identifier': 'telemetry_core', 'dependencies': OrderedDict()}
[0.000765] (telemetry_core) JobStarted: {'identifier': 'telemetry_core'}
[0.009394] (telemetry_core) JobProgress: {'identifier': 'telemetry_core', 'progress': 'cmake'}
[0.010499] (telemetry_core) JobProgress: {'identifier': 'telemetry_core', 'progress': 'build'}
[0.011389] (telemetry_core) Command: {'cmd': ['/usr/bin/cmake', '--build', '/home/yd/GitRepositories/UREx/build/telemetry_core', '--', '-j24', '-l24'], 'cwd': '/home/yd/GitRepositories/UREx/build/telemetry_core', 'env': OrderedDict({'NIRI_SOCKET': '/run/user/1000/niri.wayland-1.1631.sock', 'MAIL': '/var/spool/mail/yd', 'USER': 'yd', 'LC_TIME': 'en_SG.UTF-8', 'STARSHIP_SHELL': 'fish', 'NVCC_CCBIN': '/usr/bin/g++', 'HOSTNAME': 'YD-Laptop', 'ILLOGICAL_IMPULSE_VIRTUAL_ENV': '/home/yd/.local/state/quickshell/.venv', 'XDG_SESSION_TYPE': 'wayland', 'XCURSOR_SIZE': '40', 'XDG_CACHE_HOME': '/home/yd/.cache', 'SHLVL': '5', 'LD_LIBRARY_PATH': '/opt/ros/jazzy/opt/rviz_ogre_vendor/lib:/opt/ros/jazzy/lib/x86_64-linux-gnu:/opt/ros/jazzy/opt/gz_math_vendor/lib:/opt/ros/jazzy/opt/gz_utils_vendor/lib:/opt/ros/jazzy/opt/gz_cmake_vendor/lib:/opt/ros/jazzy/lib', 'MOTD_SHOWN': 'pam', 'HOME': '/home/yd', 'TERMINFO': '/usr/lib/kitty/terminfo', 'OLDPWD': '/home/yd/GitRepositories/UREx/src/telemetry_core/src', 'DESKTOP_SESSION': 'niri', 'KITTY_INSTALLATION_DIR': '/usr/lib/kitty', 'QT_STYLE_OVERRIDE': 'Darkly', 'ROS_PYTHON_VERSION': '3', 'GRADLE_HOME': '/usr/share/java/gradle', 'LC_MONETARY': 'en_SG.UTF-8', 'KITTY_PID': '28818', 'MANAGERPID': '1492', 'DISTROBOX_ENTER_PATH': '/usr/bin/distrobox-enter', 'SYSTEMD_EXEC_PID': '1631', 'VISUAL': 'nvim', 'XDG_STATE_HOME': '/home/yd/.local/state', 'DBUS_SESSION_BUS_ADDRESS': 'unix:path=/run/user/1000/bus', 'COLORTERM': 'truecolor', 'container': 'docker', 'DEBUGINFOD_URLS': 'https://debuginfod.cachyos.org https://debuginfod.archlinux.org', 'QT_QPA_PLATFORMTHEME': 'kde', 'WAYLAND_DISPLAY': 'wayland-1', 'ROS_DISTRO': 'jazzy', 'LOGNAME': 'yd', 'INIR_VENV': '/home/yd/.local/state/quickshell/.venv', 'MANAGERPIDFDID': '65590', 'JOURNAL_STREAM': '10:17226', '_': '/usr/bin/colcon', 'ROS_VERSION': '2', 'MEMORY_PRESSURE_WATCH': '/sys/fs/cgroup/user.slice/user-1000.slice/user@1000.service/session.slice/niri.service/memory.pressure', 'XDG_SESSION_CLASS': 'user', 'TERMINFO_DIRS': '/usr/share/terminfo:/run/host/usr/share/terminfo', 'TERM': 'xterm-kitty', 'XDG_SESSION_ID': '2', 'PATH': '/opt/ros/jazzy/bin:/opt/cuda/bin:/opt/rocm/bin:/home/yd/.local/bin:/usr/local/bin:/usr/bin:/var/lib/flatpak/exports/bin:/usr/lib/jvm/default/bin:/usr/bin/site_perl:/usr/bin/vendor_perl:/usr/bin/core_perl:/usr/local/sbin:/usr/sbin:/usr/local/bin:/usr/bin:/sbin:/bin:/usr/local/sbin:/usr/sbin:/sbin:/bin', 'INVOCATION_ID': '9c4034defe0e4a2f8674547e6a727374', 'XDG_SESSION_PATH': '/org/freedesktop/DisplayManager/Session1', 'XDG_MENU_PREFIX': 'plasma-', 'LC_ADDRESS': 'en_SG.UTF-8', 'XDG_RUNTIME_DIR': '/run/user/1000', 'XCURSOR_THEME': 'capitaine-cursors-light', 'DISPLAY': ':1', 'DESKTOP_STARTUP_ID': 'BQdu8aNqeee5HSQrWvs9V2unvz6zBx3O', 'LANG': 'en_GB.UTF-8', 'XDG_CURRENT_DESKTOP': 'niri', 'LC_TELEPHONE': 'en_SG.UTF-8', 'ROCM_PATH': '/opt/rocm', 'XDG_DATA_HOME': '/home/yd/.local/share', 'XDG_CONFIG_HOME': '/home/yd/.config', 'XDG_SESSION_DESKTOP': 'niri', 'AMENT_PREFIX_PATH': '/opt/ros/jazzy', 'CUDA_DISABLE_PERF_BOOST': '1', 'SHELL': 'fish', 'LC_NAME': 'en_SG.UTF-8', 'KITTY_WINDOW_ID': '1', 'QT_LOGGING_RULES': 'quickshell.dbus.properties=false', 'DBX_CONTAINER_MANAGER': 'docker', 'LC_MEASUREMENT': 'en_SG.UTF-8', 'VSSCRIPT_PATH': '/usr/lib/python3.14/site-packages/vapoursynth/libvsscript.so', 'LC_IDENTIFICATION': 'en_SG.UTF-8', 'ELECTRON_OZONE_PLATFORM_HINT': 'auto', 'ROS_AUTOMATIC_DISCOVERY_RANGE': 'SUBNET', 'PWD': '/home/yd/GitRepositories/UREx/build/telemetry_core', 'CONTAINER_ID': 'ubuntu-ros', 'QT_QPA_PLATFORM': 'wayland', 'XDG_CONFIG_DIRS': '/etc/xdg', 'VIRTUAL_ENV_DISABLE_PROMPT': '1', 'XDG_DATA_DIRS': '/home/yd/.local/share/flatpak/exports/share:/var/lib/flatpak/exports/share:/usr/local/share:/usr/share', 'STARSHIP_SESSION_KEY': '1017326375700521', 'PYTHONPATH': '/opt/ros/jazzy/lib/python3.12/site-packages', 'LC_NUMERIC': 'en_SG.UTF-8', 'LC_PAPER': 'en_SG.UTF-8', 'COLCON': '1', 'MEMORY_PRESSURE_WRITE': 'c29tZSAyMDAwMDAgMjAwMDAwMAA=', 'CUDA_PATH': '/opt/cuda', 'EDITOR': 'nvim', 'CMAKE_PREFIX_PATH': '/opt/ros/jazzy/opt/gz_math_vendor:/opt/ros/jazzy/opt/gz_utils_vendor:/opt/ros/jazzy/opt/gz_cmake_vendor:/opt/ros/jazzy'}), 'shell': False}
[0.049900] (telemetry_core) StdoutLine: {'line': b'-- Found ament_cmake: 2.5.6 (/opt/ros/jazzy/share/ament_cmake/cmake)\n'}
[0.099638] (-) TimerEvent: {}
[0.199965] (-) TimerEvent: {}
[0.300270] (-) TimerEvent: {}
[0.323483] (telemetry_core) StdoutLine: {'line': b'-- Override CMake install command with custom implementation using symlinks instead of copying resources\n'}
[0.338471] (telemetry_core) StdoutLine: {'line': b'-- Found rclcpp: 28.1.21 (/opt/ros/jazzy/share/rclcpp/cmake)\n'}
[0.369672] (telemetry_core) StdoutLine: {'line': b'-- Found rosidl_generator_c: 4.6.9 (/opt/ros/jazzy/share/rosidl_generator_c/cmake)\n'}
[0.380379] (telemetry_core) StdoutLine: {'line': b'-- Found rosidl_generator_cpp: 4.6.9 (/opt/ros/jazzy/share/rosidl_generator_cpp/cmake)\n'}
[0.392943] (telemetry_core) StdoutLine: {'line': b'-- Using all available rosidl_typesupport_c: rosidl_typesupport_fastrtps_c;rosidl_typesupport_introspection_c\n'}
[0.400340] (-) TimerEvent: {}
[0.407443] (telemetry_core) StdoutLine: {'line': b'-- Using all available rosidl_typesupport_cpp: rosidl_typesupport_fastrtps_cpp;rosidl_typesupport_introspection_cpp\n'}
[0.481737] (telemetry_core) StdoutLine: {'line': b'-- Found rmw_implementation_cmake: 7.3.3 (/opt/ros/jazzy/share/rmw_implementation_cmake/cmake)\n'}
[0.483075] (telemetry_core) StdoutLine: {'line': b'-- Found rmw_fastrtps_cpp: 8.4.4 (/opt/ros/jazzy/share/rmw_fastrtps_cpp/cmake)\n'}
[0.500436] (-) TimerEvent: {}
[0.562740] (telemetry_core) StdoutLine: {'line': b"-- Using RMW implementation 'rmw_fastrtps_cpp' as default\n"}
[0.600557] (-) TimerEvent: {}
[0.660000] (telemetry_core) StdoutLine: {'line': b'-- Found geometry_msgs: 5.3.8 (/opt/ros/jazzy/share/geometry_msgs/cmake)\n'}
[0.700669] (-) TimerEvent: {}
[0.708348] (telemetry_core) StdoutLine: {'line': b'-- Found ament_lint_auto: 0.17.5 (/opt/ros/jazzy/share/ament_lint_auto/cmake)\n'}
[0.800774] (-) TimerEvent: {}
[0.832497] (telemetry_core) StdoutLine: {'line': b"-- Added test 'cppcheck' to perform static code analysis on C / C++ code\n"}
[0.832853] (telemetry_core) StdoutLine: {'line': b'-- Configured cppcheck include dirs: \n'}
[0.832979] (telemetry_core) StdoutLine: {'line': b'-- Configured cppcheck exclude dirs and/or files: \n'}
[0.833190] (telemetry_core) StdoutLine: {'line': b"-- Added test 'lint_cmake' to check CMake code style\n"}
[0.833910] (telemetry_core) StdoutLine: {'line': b"-- Added test 'uncrustify' to check C / C++ code style\n"}
[0.834035] (telemetry_core) StdoutLine: {'line': b'-- Configured uncrustify additional arguments: \n'}
[0.834248] (telemetry_core) StdoutLine: {'line': b"-- Added test 'xmllint' to check XML markup files\n"}
[0.835327] (telemetry_core) StdoutLine: {'line': b'-- Configuring done (0.8s)\n'}
[0.851275] (telemetry_core) StdoutLine: {'line': b'-- Generating done (0.0s)\n'}
[0.857313] (telemetry_core) StdoutLine: {'line': b'-- Build files have been written to: /home/yd/GitRepositories/UREx/build/telemetry_core\n'}
[0.900656] (telemetry_core) StdoutLine: {'line': b'[ 25%] \x1b[32mBuilding CXX object CMakeFiles/manipulator.dir/src/manipulator_sub.cpp.o\x1b[0m\n'}
[0.900937] (-) TimerEvent: {}
[0.901156] (telemetry_core) StdoutLine: {'line': b'[ 50%] \x1b[32mBuilding CXX object CMakeFiles/planner.dir/src/planner_pub.cpp.o\x1b[0m\n'}
[1.001081] (-) TimerEvent: {}
[1.062235] (telemetry_core) StdoutLine: {'line': b'[ 75%] \x1b[32m\x1b[1mLinking CXX executable manipulator\x1b[0m\n'}
[1.101211] (-) TimerEvent: {}
[1.182193] (telemetry_core) StderrLine: {'line': b"/usr/bin/ld: /usr/lib/gcc/x86_64-linux-gnu/13/../../../x86_64-linux-gnu/Scrt1.o: in function `_start':\n"}
[1.182554] (telemetry_core) StderrLine: {'line': b"(.text+0x1b): undefined reference to `main'\n"}
[1.184845] (telemetry_core) StderrLine: {'line': b'collect2: error: ld returned 1 exit status\n'}
[1.187141] (telemetry_core) StderrLine: {'line': b'gmake[2]: *** [CMakeFiles/manipulator.dir/build.make:178: manipulator] Error 1\n'}
[1.187541] (telemetry_core) StderrLine: {'line': b'gmake[1]: *** [CMakeFiles/Makefile2:165: CMakeFiles/manipulator.dir/all] Error 2\n'}
[1.187622] (telemetry_core) StderrLine: {'line': b'gmake[1]: *** Waiting for unfinished jobs....\n'}
[1.201280] (-) TimerEvent: {}
[1.301602] (-) TimerEvent: {}
[1.401966] (-) TimerEvent: {}
[1.502311] (-) TimerEvent: {}
[1.602676] (-) TimerEvent: {}
[1.703033] (-) TimerEvent: {}
[1.803390] (-) TimerEvent: {}
[1.903751] (-) TimerEvent: {}
[2.004136] (-) TimerEvent: {}
[2.104553] (-) TimerEvent: {}
[2.204898] (-) TimerEvent: {}
[2.305240] (-) TimerEvent: {}
[2.405605] (-) TimerEvent: {}
[2.505993] (-) TimerEvent: {}
[2.606359] (-) TimerEvent: {}
[2.706717] (-) TimerEvent: {}
[2.807072] (-) TimerEvent: {}
[2.907453] (-) TimerEvent: {}
[3.007800] (-) TimerEvent: {}
[3.108168] (-) TimerEvent: {}
[3.153486] (telemetry_core) StderrLine: {'line': b'\x1b[01m\x1b[K/home/yd/GitRepositories/UREx/src/telemetry_core/src/planner_pub.cpp:25:2:\x1b[m\x1b[K \x1b[01;31m\x1b[Kerror: \x1b[m\x1b[Kexpected \xe2\x80\x98\x1b[01m\x1b[K;\x1b[m\x1b[K\xe2\x80\x99 after class definition\n'}
[3.153750] (telemetry_core) StderrLine: {'line': b'   25 | }\n'}
[3.153837] (telemetry_core) StderrLine: {'line': b'      |  \x1b[01;31m\x1b[K^\x1b[m\x1b[K\n'}
[3.153910] (telemetry_core) StderrLine: {'line': b'      |  \x1b[32m\x1b[K;\x1b[m\x1b[K\n'}
[3.163264] (telemetry_core) StderrLine: {'line': b'\x1b[01m\x1b[K/home/yd/GitRepositories/UREx/src/telemetry_core/src/planner_pub.cpp:\x1b[m\x1b[K In constructor \xe2\x80\x98\x1b[01m\x1b[KPlannerPub::\x1b[01;32m\x1b[KPlannerPub\x1b[m\x1b[K()\x1b[m\x1b[K\xe2\x80\x99:\n'}
[3.163403] (telemetry_core) StderrLine: {'line': b'\x1b[01m\x1b[K/home/yd/GitRepositories/UREx/src/telemetry_core/src/planner_pub.cpp:11:9:\x1b[m\x1b[K \x1b[01;31m\x1b[Kerror: \x1b[m\x1b[K\xe2\x80\x98\x1b[01m\x1b[Kpublisher_\x1b[m\x1b[K\xe2\x80\x99 was not declared in this scope; did you mean \xe2\x80\x98\x1b[01m\x1b[Krmw_publisher_t\x1b[m\x1b[K\xe2\x80\x99?\n'}
[3.163580] (telemetry_core) StderrLine: {'line': b'   11 |         \x1b[01;31m\x1b[Kpublisher_\x1b[m\x1b[K = this->create_publisher<geometry_msgs::msgs::Point>(\n'}
[3.163645] (telemetry_core) StderrLine: {'line': b'      |         \x1b[01;31m\x1b[K^~~~~~~~~~\x1b[m\x1b[K\n'}
[3.163707] (telemetry_core) StderrLine: {'line': b'      |         \x1b[32m\x1b[Krmw_publisher_t\x1b[m\x1b[K\n'}
[3.163769] (telemetry_core) StderrLine: {'line': b'\x1b[01m\x1b[K/home/yd/GitRepositories/UREx/src/telemetry_core/src/planner_pub.cpp:11:60:\x1b[m\x1b[K \x1b[01;31m\x1b[Kerror: \x1b[m\x1b[K\xe2\x80\x98\x1b[01m\x1b[Kmsgs\x1b[m\x1b[K\xe2\x80\x99 is not a member of \xe2\x80\x98\x1b[01m\x1b[Kgeometry_msgs\x1b[m\x1b[K\xe2\x80\x99; did you mean \xe2\x80\x98\x1b[01m\x1b[Kmsg\x1b[m\x1b[K\xe2\x80\x99?\n'}
[3.163833] (telemetry_core) StderrLine: {'line': b'   11 |         publisher_ = this->create_publisher<geometry_msgs::\x1b[01;31m\x1b[Kmsgs\x1b[m\x1b[K::Point>(\n'}
[3.163891] (telemetry_core) StderrLine: {'line': b'      |                                                            \x1b[01;31m\x1b[K^~~~\x1b[m\x1b[K\n'}
[3.163951] (telemetry_core) StderrLine: {'line': b'      |                                                            \x1b[32m\x1b[Kmsg\x1b[m\x1b[K\n'}
[3.164017] (telemetry_core) StderrLine: {'line': b'\x1b[01m\x1b[K/home/yd/GitRepositories/UREx/src/telemetry_core/src/planner_pub.cpp:11:28:\x1b[m\x1b[K \x1b[01;31m\x1b[Kerror: \x1b[m\x1b[Kparse error in template argument list\n'}
[3.164085] (telemetry_core) StderrLine: {'line': b'   11 |         publisher_ = this->\x1b[01;31m\x1b[Kcreate_publisher<geometry_msgs::msgs::Point>\x1b[m\x1b[K(\n'}
[3.164141] (telemetry_core) StderrLine: {'line': b'      |                            \x1b[01;31m\x1b[K^~~~~~~~~~~~~~~~~~~~~~~~~~~~~~~~~~~~~~~~~~~~\x1b[m\x1b[K\n'}
[3.164198] (telemetry_core) StderrLine: {'line': b'\x1b[01m\x1b[K/home/yd/GitRepositories/UREx/src/telemetry_core/src/planner_pub.cpp:11:72:\x1b[m\x1b[K \x1b[01;31m\x1b[Kerror: \x1b[m\x1b[Kno matching function for call to \xe2\x80\x98\x1b[01m\x1b[KPlannerPub::create_publisher<<expression error> >(const char [16], int)\x1b[m\x1b[K\xe2\x80\x99\n'}
[3.164258] (telemetry_core) StderrLine: {'line': b'   11 |         publisher_ = \x1b[01;31m\x1b[Kthis->create_publisher<geometry_msgs::msgs::Point>(\x1b[m\x1b[K\n'}
[3.164315] (telemetry_core) StderrLine: {'line': b'      |                      \x1b[01;31m\x1b[K~~~~~~~~~~~~~~~~~~~~~~~~~~~~~~~~~~~~~~~~~~~~~~~~~~^\x1b[m\x1b[K\n'}
[3.164371] (telemetry_core) StderrLine: {'line': b'   12 | \x1b[01;31m\x1b[K            "camera_setpoint", 10)\x1b[m\x1b[K;\n'}
[3.164432] (telemetry_core) StderrLine: {'line': b'      |             \x1b[01;31m\x1b[K~~~~~~~~~~~~~~~~~~~~~~\x1b[m\x1b[K                                      \n'}
[3.164488] (telemetry_core) StderrLine: {'line': b'In file included from \x1b[01m\x1b[K/opt/ros/jazzy/include/rclcpp/rclcpp/executors/single_threaded_executor.hpp:28\x1b[m\x1b[K,\n'}
[3.164546] (telemetry_core) StderrLine: {'line': b'                 from \x1b[01m\x1b[K/opt/ros/jazzy/include/rclcpp/rclcpp/executors.hpp:22\x1b[m\x1b[K,\n'}
[3.164601] (telemetry_core) StderrLine: {'line': b'                 from \x1b[01m\x1b[K/opt/ros/jazzy/include/rclcpp/rclcpp/rclcpp.hpp:176\x1b[m\x1b[K,\n'}
[3.164657] (telemetry_core) StderrLine: {'line': b'                 from \x1b[01m\x1b[K/home/yd/GitRepositories/UREx/src/telemetry_core/src/planner_pub.cpp:2\x1b[m\x1b[K:\n'}
[3.164713] (telemetry_core) StderrLine: {'line': b'\x1b[01m\x1b[K/opt/ros/jazzy/include/rclcpp/rclcpp/node.hpp:197:3:\x1b[m\x1b[K \x1b[01;36m\x1b[Knote: \x1b[m\x1b[Kcandidate: \xe2\x80\x98\x1b[01m\x1b[Ktemplate<class MessageT, class AllocatorT, class PublisherT> std::shared_ptr<PublisherT> rclcpp::Node::\x1b[01;32m\x1b[Kcreate_publisher\x1b[m\x1b[K(const std::string&, const rclcpp::QoS&, const rclcpp::PublisherOptionsWithAllocator<AllocatorT>&)\x1b[m\x1b[K\xe2\x80\x99\n'}
[3.164895] (telemetry_core) StderrLine: {'line': b'  197 |   \x1b[01;36m\x1b[Kcreate_publisher\x1b[m\x1b[K(\n'}
[3.164951] (telemetry_core) StderrLine: {'line': b'      |   \x1b[01;36m\x1b[K^~~~~~~~~~~~~~~~\x1b[m\x1b[K\n'}
[3.165005] (telemetry_core) StderrLine: {'line': b'\x1b[01m\x1b[K/opt/ros/jazzy/include/rclcpp/rclcpp/node.hpp:197:3:\x1b[m\x1b[K \x1b[01;36m\x1b[Knote: \x1b[m\x1b[K  template argument deduction/substitution failed:\n'}
[3.165061] (telemetry_core) StderrLine: {'line': b'\x1b[01m\x1b[K/home/yd/GitRepositories/UREx/src/telemetry_core/src/planner_pub.cpp:11:72:\x1b[m\x1b[K \x1b[01;31m\x1b[Kerror: \x1b[m\x1b[Ktemplate argument 1 is invalid\n'}
[3.165117] (telemetry_core) StderrLine: {'line': b'   11 |         publisher_ = \x1b[01;31m\x1b[Kthis->create_publisher<geometry_msgs::msgs::Point>(\x1b[m\x1b[K\n'}
[3.165172] (telemetry_core) StderrLine: {'line': b'      |                      \x1b[01;31m\x1b[K~~~~~~~~~~~~~~~~~~~~~~~~~~~~~~~~~~~~~~~~~~~~~~~~~~^\x1b[m\x1b[K\n'}
[3.165228] (telemetry_core) StderrLine: {'line': b'   12 | \x1b[01;31m\x1b[K            "camera_setpoint", 10)\x1b[m\x1b[K;\n'}
[3.165283] (telemetry_core) StderrLine: {'line': b'      |             \x1b[01;31m\x1b[K~~~~~~~~~~~~~~~~~~~~~~\x1b[m\x1b[K                                      \n'}
[3.170696] (telemetry_core) StderrLine: {'line': b'\x1b[01m\x1b[K/home/yd/GitRepositories/UREx/src/telemetry_core/src/planner_pub.cpp:13:9:\x1b[m\x1b[K \x1b[01;31m\x1b[Kerror: \x1b[m\x1b[K\xe2\x80\x98\x1b[01m\x1b[Ktimer_\x1b[m\x1b[K\xe2\x80\x99 was not declared in this scope; did you mean \xe2\x80\x98\x1b[01m\x1b[Ktimer_t\x1b[m\x1b[K\xe2\x80\x99?\n'}
[3.170776] (telemetry_core) StderrLine: {'line': b'   13 |         \x1b[01;31m\x1b[Ktimer_\x1b[m\x1b[K = this->create_wall_timer(\n'}
[3.170836] (telemetry_core) StderrLine: {'line': b'      |         \x1b[01;31m\x1b[K^~~~~~\x1b[m\x1b[K\n'}
[3.170940] (telemetry_core) StderrLine: {'line': b'      |         \x1b[32m\x1b[Ktimer_t\x1b[m\x1b[K\n'}
[3.178119] (telemetry_core) StderrLine: {'line': b'\x1b[01m\x1b[K/home/yd/GitRepositories/UREx/src/telemetry_core/src/planner_pub.cpp:\x1b[m\x1b[K In member function \xe2\x80\x98\x1b[01m\x1b[Kvoid PlannerPub::\x1b[01;32m\x1b[Ktimer_callback\x1b[m\x1b[K()\x1b[m\x1b[K\xe2\x80\x99:\n'}
[3.178337] (telemetry_core) StderrLine: {'line': b'\x1b[01m\x1b[K/home/yd/GitRepositories/UREx/src/telemetry_core/src/planner_pub.cpp:22:19:\x1b[m\x1b[K \x1b[01;35m\x1b[Kwarning: \x1b[m\x1b[Kstatement has no effect [\x1b[01;35m\x1b[K\x1b]8;;https://gcc.gnu.org/onlinedocs/gcc/Warning-Options.html#index-Wunused-value\x07-Wunused-value\x1b]8;;\x07\x1b[m\x1b[K]\n'}
[3.178437] (telemetry_core) StderrLine: {'line': b'   22 |         \x1b[01;35m\x1b[Kmessage.z - 0.3\x1b[m\x1b[K;\n'}
[3.178507] (telemetry_core) StderrLine: {'line': b'      |         \x1b[01;35m\x1b[K~~~~~~~~~~^~~~~\x1b[m\x1b[K\n'}
[3.178633] (telemetry_core) StderrLine: {'line': b'In file included from \x1b[01m\x1b[K/opt/ros/jazzy/include/rclcpp/rclcpp/logging.hpp:24\x1b[m\x1b[K,\n'}
[3.178702] (telemetry_core) StderrLine: {'line': b'                 from \x1b[01m\x1b[K/opt/ros/jazzy/include/rclcpp/rclcpp/copy_all_parameter_values.hpp:27\x1b[m\x1b[K,\n'}
[3.178768] (telemetry_core) StderrLine: {'line': b'                 from \x1b[01m\x1b[K/opt/ros/jazzy/include/rclcpp/rclcpp/rclcpp.hpp:175\x1b[m\x1b[K:\n'}
[3.178829] (telemetry_core) StderrLine: {'line': b'\x1b[01m\x1b[K/home/yd/GitRepositories/UREx/src/telemetry_core/src/planner_pub.cpp:23:9:\x1b[m\x1b[K \x1b[01;31m\x1b[Kerror: \x1b[m\x1b[Kexpected primary-expression before \xe2\x80\x98\x1b[01m\x1b[K)\x1b[m\x1b[K\xe2\x80\x99 token\n'}
[3.178898] (telemetry_core) StderrLine: {'line': b'   23 |         \x1b[01;31m\x1b[KRCLCPP_INFO\x1b[m\x1b[K(this->get_logger(), )\n'}
[3.178963] (telemetry_core) StderrLine: {'line': b'      |         \x1b[01;31m\x1b[K^~~~~~~~~~~\x1b[m\x1b[K\n'}
[3.179023] (telemetry_core) StderrLine: {'line': b'\x1b[01m\x1b[K/home/yd/GitRepositories/UREx/src/telemetry_core/src/planner_pub.cpp:24:5:\x1b[m\x1b[K \x1b[01;31m\x1b[Kerror: \x1b[m\x1b[Kexpected \xe2\x80\x98\x1b[01m\x1b[K;\x1b[m\x1b[K\xe2\x80\x99 before \xe2\x80\x98\x1b[01m\x1b[K}\x1b[m\x1b[K\xe2\x80\x99 token\n'}
[3.179083] (telemetry_core) StderrLine: {'line': b'   24 |     \x1b[01;31m\x1b[K}\x1b[m\x1b[K\n'}
[3.179141] (telemetry_core) StderrLine: {'line': b'      |     \x1b[01;31m\x1b[K^\x1b[m\x1b[K\n'}
[3.208259] (-) TimerEvent: {}
[3.308593] (-) TimerEvent: {}
[3.408944] (-) TimerEvent: {}
[3.509290] (-) TimerEvent: {}
[3.609646] (-) TimerEvent: {}
[3.709993] (-) TimerEvent: {}
[3.810345] (-) TimerEvent: {}
[3.851185] (telemetry_core) StderrLine: {'line': b'gmake[2]: *** [CMakeFiles/planner.dir/build.make:76: CMakeFiles/planner.dir/src/planner_pub.cpp.o] Error 1\n'}
[3.851492] (telemetry_core) StderrLine: {'line': b'gmake[1]: *** [CMakeFiles/Makefile2:139: CMakeFiles/planner.dir/all] Error 2\n'}
[3.851753] (telemetry_core) StderrLine: {'line': b'gmake: *** [Makefile:146: all] Error 2\n'}
[3.854304] (telemetry_core) CommandEnded: {'returncode': 2}
[3.864885] (telemetry_core) JobEnded: {'identifier': 'telemetry_core', 'rc': 2}
[3.875444] (-) EventReactorShutdown: {}
