[0.000000] (-) TimerEvent: {}
[0.000317] (telemetry_core) JobQueued: {'identifier': 'telemetry_core', 'dependencies': OrderedDict()}
[0.001010] (telemetry_core) JobStarted: {'identifier': 'telemetry_core'}
[0.008639] (telemetry_core) JobProgress: {'identifier': 'telemetry_core', 'progress': 'cmake'}
[0.009221] (telemetry_core) JobProgress: {'identifier': 'telemetry_core', 'progress': 'build'}
[0.009999] (telemetry_core) Command: {'cmd': ['/usr/bin/cmake', '--build', '/home/yd/GitRepositories/UREx/build/telemetry_core', '--', '-j24', '-l24'], 'cwd': '/home/yd/GitRepositories/UREx/build/telemetry_core', 'env': OrderedDict({'NIRI_SOCKET': '/run/user/1000/niri.wayland-1.1631.sock', 'MAIL': '/var/spool/mail/yd', 'USER': 'yd', 'LC_TIME': 'en_SG.UTF-8', 'STARSHIP_SHELL': 'fish', 'NVCC_CCBIN': '/usr/bin/g++', 'HOSTNAME': 'YD-Laptop', 'ILLOGICAL_IMPULSE_VIRTUAL_ENV': '/home/yd/.local/state/quickshell/.venv', 'XDG_SESSION_TYPE': 'wayland', 'XCURSOR_SIZE': '40', 'XDG_CACHE_HOME': '/home/yd/.cache', 'SHLVL': '5', 'LD_LIBRARY_PATH': '/opt/ros/jazzy/opt/rviz_ogre_vendor/lib:/opt/ros/jazzy/lib/x86_64-linux-gnu:/opt/ros/jazzy/opt/gz_math_vendor/lib:/opt/ros/jazzy/opt/gz_utils_vendor/lib:/opt/ros/jazzy/opt/gz_cmake_vendor/lib:/opt/ros/jazzy/lib', 'MOTD_SHOWN': 'pam', 'HOME': '/home/yd', 'TERMINFO': '/usr/lib/kitty/terminfo', 'OLDPWD': '/home/yd/GitRepositories/UREx/src/telemetry_core/src', 'DESKTOP_SESSION': 'niri', 'KITTY_INSTALLATION_DIR': '/usr/lib/kitty', 'QT_STYLE_OVERRIDE': 'Darkly', 'ROS_PYTHON_VERSION': '3', 'GRADLE_HOME': '/usr/share/java/gradle', 'LC_MONETARY': 'en_SG.UTF-8', 'KITTY_PID': '28818', 'MANAGERPID': '1492', 'DISTROBOX_ENTER_PATH': '/usr/bin/distrobox-enter', 'SYSTEMD_EXEC_PID': '1631', 'VISUAL': 'nvim', 'XDG_STATE_HOME': '/home/yd/.local/state', 'DBUS_SESSION_BUS_ADDRESS': 'unix:path=/run/user/1000/bus', 'COLORTERM': 'truecolor', 'container': 'docker', 'DEBUGINFOD_URLS': 'https://debuginfod.cachyos.org https://debuginfod.archlinux.org', 'QT_QPA_PLATFORMTHEME': 'kde', 'WAYLAND_DISPLAY': 'wayland-1', 'ROS_DISTRO': 'jazzy', 'LOGNAME': 'yd', 'INIR_VENV': '/home/yd/.local/state/quickshell/.venv', 'MANAGERPIDFDID': '65590', 'JOURNAL_STREAM': '10:17226', '_': '/usr/bin/colcon', 'ROS_VERSION': '2', 'MEMORY_PRESSURE_WATCH': '/sys/fs/cgroup/user.slice/user-1000.slice/user@1000.service/session.slice/niri.service/memory.pressure', 'XDG_SESSION_CLASS': 'user', 'TERMINFO_DIRS': '/usr/share/terminfo:/run/host/usr/share/terminfo', 'TERM': 'xterm-kitty', 'XDG_SESSION_ID': '2', 'PATH': '/opt/ros/jazzy/bin:/opt/cuda/bin:/opt/rocm/bin:/home/yd/.local/bin:/usr/local/bin:/usr/bin:/var/lib/flatpak/exports/bin:/usr/lib/jvm/default/bin:/usr/bin/site_perl:/usr/bin/vendor_perl:/usr/bin/core_perl:/usr/local/sbin:/usr/sbin:/usr/local/bin:/usr/bin:/sbin:/bin:/usr/local/sbin:/usr/sbin:/sbin:/bin', 'INVOCATION_ID': '9c4034defe0e4a2f8674547e6a727374', 'XDG_SESSION_PATH': '/org/freedesktop/DisplayManager/Session1', 'XDG_MENU_PREFIX': 'plasma-', 'LC_ADDRESS': 'en_SG.UTF-8', 'XDG_RUNTIME_DIR': '/run/user/1000', 'XCURSOR_THEME': 'capitaine-cursors-light', 'DISPLAY': ':1', 'DESKTOP_STARTUP_ID': 'BQdu8aNqeee5HSQrWvs9V2unvz6zBx3O', 'LANG': 'en_GB.UTF-8', 'XDG_CURRENT_DESKTOP': 'niri', 'LC_TELEPHONE': 'en_SG.UTF-8', 'ROCM_PATH': '/opt/rocm', 'XDG_DATA_HOME': '/home/yd/.local/share', 'XDG_CONFIG_HOME': '/home/yd/.config', 'XDG_SESSION_DESKTOP': 'niri', 'AMENT_PREFIX_PATH': '/opt/ros/jazzy', 'CUDA_DISABLE_PERF_BOOST': '1', 'SHELL': 'fish', 'LC_NAME': 'en_SG.UTF-8', 'KITTY_WINDOW_ID': '1', 'QT_LOGGING_RULES': 'quickshell.dbus.properties=false', 'DBX_CONTAINER_MANAGER': 'docker', 'LC_MEASUREMENT': 'en_SG.UTF-8', 'VSSCRIPT_PATH': '/usr/lib/python3.14/site-packages/vapoursynth/libvsscript.so', 'LC_IDENTIFICATION': 'en_SG.UTF-8', 'ELECTRON_OZONE_PLATFORM_HINT': 'auto', 'ROS_AUTOMATIC_DISCOVERY_RANGE': 'SUBNET', 'PWD': '/home/yd/GitRepositories/UREx/build/telemetry_core', 'CONTAINER_ID': 'ubuntu-ros', 'QT_QPA_PLATFORM': 'wayland', 'XDG_CONFIG_DIRS': '/etc/xdg', 'VIRTUAL_ENV_DISABLE_PROMPT': '1', 'XDG_DATA_DIRS': '/home/yd/.local/share/flatpak/exports/share:/var/lib/flatpak/exports/share:/usr/local/share:/usr/share', 'STARSHIP_SESSION_KEY': '1017326375700521', 'PYTHONPATH': '/opt/ros/jazzy/lib/python3.12/site-packages', 'LC_NUMERIC': 'en_SG.UTF-8', 'LC_PAPER': 'en_SG.UTF-8', 'COLCON': '1', 'MEMORY_PRESSURE_WRITE': 'c29tZSAyMDAwMDAgMjAwMDAwMAA=', 'CUDA_PATH': '/opt/cuda', 'EDITOR': 'nvim', 'CMAKE_PREFIX_PATH': '/opt/ros/jazzy/opt/gz_math_vendor:/opt/ros/jazzy/opt/gz_utils_vendor:/opt/ros/jazzy/opt/gz_cmake_vendor:/opt/ros/jazzy'}), 'shell': False}
[0.080848] (telemetry_core) StdoutLine: {'line': b'[ 75%] Built target manipulator\n'}
[0.081263] (telemetry_core) StdoutLine: {'line': b'[ 75%] \x1b[32mBuilding CXX object CMakeFiles/planner.dir/src/planner_pub.cpp.o\x1b[0m\n'}
[0.099590] (-) TimerEvent: {}
[0.199984] (-) TimerEvent: {}
[0.300483] (-) TimerEvent: {}
[0.400923] (-) TimerEvent: {}
[0.501303] (-) TimerEvent: {}
[0.601693] (-) TimerEvent: {}
[0.702071] (-) TimerEvent: {}
[0.802450] (-) TimerEvent: {}
[0.902784] (-) TimerEvent: {}
[1.003149] (-) TimerEvent: {}
[1.103489] (-) TimerEvent: {}
[1.203854] (-) TimerEvent: {}
[1.304214] (-) TimerEvent: {}
[1.404577] (-) TimerEvent: {}
[1.504926] (-) TimerEvent: {}
[1.605345] (-) TimerEvent: {}
[1.705747] (-) TimerEvent: {}
[1.806154] (-) TimerEvent: {}
[1.906603] (-) TimerEvent: {}
[2.006956] (-) TimerEvent: {}
[2.107317] (-) TimerEvent: {}
[2.207661] (-) TimerEvent: {}
[2.308009] (-) TimerEvent: {}
[2.408368] (-) TimerEvent: {}
[2.508725] (-) TimerEvent: {}
[2.609088] (-) TimerEvent: {}
[2.709458] (-) TimerEvent: {}
[2.809823] (-) TimerEvent: {}
[2.910218] (-) TimerEvent: {}
[3.010596] (-) TimerEvent: {}
[3.110970] (-) TimerEvent: {}
[3.211342] (-) TimerEvent: {}
[3.311701] (-) TimerEvent: {}
[3.412086] (-) TimerEvent: {}
[3.512474] (-) TimerEvent: {}
[3.612847] (-) TimerEvent: {}
[3.713218] (-) TimerEvent: {}
[3.813574] (-) TimerEvent: {}
[3.913930] (-) TimerEvent: {}
[3.934371] (telemetry_core) StdoutLine: {'line': b'[100%] \x1b[32m\x1b[1mLinking CXX executable planner\x1b[0m\n'}
[4.014054] (-) TimerEvent: {}
[4.105684] (telemetry_core) StdoutLine: {'line': b'[100%] Built target planner\n'}
[4.114162] (-) TimerEvent: {}
[4.117991] (telemetry_core) CommandEnded: {'returncode': 0}
[4.118878] (telemetry_core) JobProgress: {'identifier': 'telemetry_core', 'progress': 'install'}
[4.129713] (telemetry_core) Command: {'cmd': ['/usr/bin/cmake', '--install', '/home/yd/GitRepositories/UREx/build/telemetry_core'], 'cwd': '/home/yd/GitRepositories/UREx/build/telemetry_core', 'env': OrderedDict({'NIRI_SOCKET': '/run/user/1000/niri.wayland-1.1631.sock', 'MAIL': '/var/spool/mail/yd', 'USER': 'yd', 'LC_TIME': 'en_SG.UTF-8', 'STARSHIP_SHELL': 'fish', 'NVCC_CCBIN': '/usr/bin/g++', 'HOSTNAME': 'YD-Laptop', 'ILLOGICAL_IMPULSE_VIRTUAL_ENV': '/home/yd/.local/state/quickshell/.venv', 'XDG_SESSION_TYPE': 'wayland', 'XCURSOR_SIZE': '40', 'XDG_CACHE_HOME': '/home/yd/.cache', 'SHLVL': '5', 'LD_LIBRARY_PATH': '/opt/ros/jazzy/opt/rviz_ogre_vendor/lib:/opt/ros/jazzy/lib/x86_64-linux-gnu:/opt/ros/jazzy/opt/gz_math_vendor/lib:/opt/ros/jazzy/opt/gz_utils_vendor/lib:/opt/ros/jazzy/opt/gz_cmake_vendor/lib:/opt/ros/jazzy/lib', 'MOTD_SHOWN': 'pam', 'HOME': '/home/yd', 'TERMINFO': '/usr/lib/kitty/terminfo', 'OLDPWD': '/home/yd/GitRepositories/UREx/src/telemetry_core/src', 'DESKTOP_SESSION': 'niri', 'KITTY_INSTALLATION_DIR': '/usr/lib/kitty', 'QT_STYLE_OVERRIDE': 'Darkly', 'ROS_PYTHON_VERSION': '3', 'GRADLE_HOME': '/usr/share/java/gradle', 'LC_MONETARY': 'en_SG.UTF-8', 'KITTY_PID': '28818', 'MANAGERPID': '1492', 'DISTROBOX_ENTER_PATH': '/usr/bin/distrobox-enter', 'SYSTEMD_EXEC_PID': '1631', 'VISUAL': 'nvim', 'XDG_STATE_HOME': '/home/yd/.local/state', 'DBUS_SESSION_BUS_ADDRESS': 'unix:path=/run/user/1000/bus', 'COLORTERM': 'truecolor', 'container': 'docker', 'DEBUGINFOD_URLS': 'https://debuginfod.cachyos.org https://debuginfod.archlinux.org', 'QT_QPA_PLATFORMTHEME': 'kde', 'WAYLAND_DISPLAY': 'wayland-1', 'ROS_DISTRO': 'jazzy', 'LOGNAME': 'yd', 'INIR_VENV': '/home/yd/.local/state/quickshell/.venv', 'MANAGERPIDFDID': '65590', 'JOURNAL_STREAM': '10:17226', '_': '/usr/bin/colcon', 'ROS_VERSION': '2', 'MEMORY_PRESSURE_WATCH': '/sys/fs/cgroup/user.slice/user-1000.slice/user@1000.service/session.slice/niri.service/memory.pressure', 'XDG_SESSION_CLASS': 'user', 'TERMINFO_DIRS': '/usr/share/terminfo:/run/host/usr/share/terminfo', 'TERM': 'xterm-kitty', 'XDG_SESSION_ID': '2', 'PATH': '/opt/ros/jazzy/bin:/opt/cuda/bin:/opt/rocm/bin:/home/yd/.local/bin:/usr/local/bin:/usr/bin:/var/lib/flatpak/exports/bin:/usr/lib/jvm/default/bin:/usr/bin/site_perl:/usr/bin/vendor_perl:/usr/bin/core_perl:/usr/local/sbin:/usr/sbin:/usr/local/bin:/usr/bin:/sbin:/bin:/usr/local/sbin:/usr/sbin:/sbin:/bin', 'INVOCATION_ID': '9c4034defe0e4a2f8674547e6a727374', 'XDG_SESSION_PATH': '/org/freedesktop/DisplayManager/Session1', 'XDG_MENU_PREFIX': 'plasma-', 'LC_ADDRESS': 'en_SG.UTF-8', 'XDG_RUNTIME_DIR': '/run/user/1000', 'XCURSOR_THEME': 'capitaine-cursors-light', 'DISPLAY': ':1', 'DESKTOP_STARTUP_ID': 'BQdu8aNqeee5HSQrWvs9V2unvz6zBx3O', 'LANG': 'en_GB.UTF-8', 'XDG_CURRENT_DESKTOP': 'niri', 'LC_TELEPHONE': 'en_SG.UTF-8', 'ROCM_PATH': '/opt/rocm', 'XDG_DATA_HOME': '/home/yd/.local/share', 'XDG_CONFIG_HOME': '/home/yd/.config', 'XDG_SESSION_DESKTOP': 'niri', 'AMENT_PREFIX_PATH': '/opt/ros/jazzy', 'CUDA_DISABLE_PERF_BOOST': '1', 'SHELL': 'fish', 'LC_NAME': 'en_SG.UTF-8', 'KITTY_WINDOW_ID': '1', 'QT_LOGGING_RULES': 'quickshell.dbus.properties=false', 'DBX_CONTAINER_MANAGER': 'docker', 'LC_MEASUREMENT': 'en_SG.UTF-8', 'VSSCRIPT_PATH': '/usr/lib/python3.14/site-packages/vapoursynth/libvsscript.so', 'LC_IDENTIFICATION': 'en_SG.UTF-8', 'ELECTRON_OZONE_PLATFORM_HINT': 'auto', 'ROS_AUTOMATIC_DISCOVERY_RANGE': 'SUBNET', 'PWD': '/home/yd/GitRepositories/UREx/build/telemetry_core', 'CONTAINER_ID': 'ubuntu-ros', 'QT_QPA_PLATFORM': 'wayland', 'XDG_CONFIG_DIRS': '/etc/xdg', 'VIRTUAL_ENV_DISABLE_PROMPT': '1', 'XDG_DATA_DIRS': '/home/yd/.local/share/flatpak/exports/share:/var/lib/flatpak/exports/share:/usr/local/share:/usr/share', 'STARSHIP_SESSION_KEY': '1017326375700521', 'PYTHONPATH': '/opt/ros/jazzy/lib/python3.12/site-packages', 'LC_NUMERIC': 'en_SG.UTF-8', 'LC_PAPER': 'en_SG.UTF-8', 'COLCON': '1', 'MEMORY_PRESSURE_WRITE': 'c29tZSAyMDAwMDAgMjAwMDAwMAA=', 'CUDA_PATH': '/opt/cuda', 'EDITOR': 'nvim', 'CMAKE_PREFIX_PATH': '/opt/ros/jazzy/opt/gz_math_vendor:/opt/ros/jazzy/opt/gz_utils_vendor:/opt/ros/jazzy/opt/gz_cmake_vendor:/opt/ros/jazzy'}), 'shell': False}
[4.138028] (telemetry_core) StdoutLine: {'line': b'-- Install configuration: ""\n'}
[4.138621] (telemetry_core) StdoutLine: {'line': b'-- Execute custom install script\n'}
[4.138927] (telemetry_core) StdoutLine: {'line': b'-- Up-to-date symlink: /home/yd/GitRepositories/UREx/install/telemetry_core/lib/telemetry_core/planner\n'}
[4.139084] (telemetry_core) StdoutLine: {'line': b'-- Up-to-date symlink: /home/yd/GitRepositories/UREx/install/telemetry_core/lib/telemetry_core/manipulator\n'}
[4.139271] (telemetry_core) StdoutLine: {'line': b'-- Up-to-date symlink: /home/yd/GitRepositories/UREx/install/telemetry_core/share/ament_index/resource_index/package_run_dependencies/telemetry_core\n'}
[4.139472] (telemetry_core) StdoutLine: {'line': b'-- Up-to-date symlink: /home/yd/GitRepositories/UREx/install/telemetry_core/share/ament_index/resource_index/parent_prefix_path/telemetry_core\n'}
[4.139634] (telemetry_core) StdoutLine: {'line': b'-- Up-to-date symlink: /home/yd/GitRepositories/UREx/install/telemetry_core/share/telemetry_core/environment/ament_prefix_path.sh\n'}
[4.139752] (telemetry_core) StdoutLine: {'line': b'-- Up-to-date symlink: /home/yd/GitRepositories/UREx/install/telemetry_core/share/telemetry_core/environment/ament_prefix_path.dsv\n'}
[4.139892] (telemetry_core) StdoutLine: {'line': b'-- Up-to-date symlink: /home/yd/GitRepositories/UREx/install/telemetry_core/share/telemetry_core/environment/path.sh\n'}
[4.140006] (telemetry_core) StdoutLine: {'line': b'-- Up-to-date symlink: /home/yd/GitRepositories/UREx/install/telemetry_core/share/telemetry_core/environment/path.dsv\n'}
[4.140148] (telemetry_core) StdoutLine: {'line': b'-- Up-to-date symlink: /home/yd/GitRepositories/UREx/install/telemetry_core/share/telemetry_core/local_setup.bash\n'}
[4.140247] (telemetry_core) StdoutLine: {'line': b'-- Up-to-date symlink: /home/yd/GitRepositories/UREx/install/telemetry_core/share/telemetry_core/local_setup.sh\n'}
[4.140385] (telemetry_core) StdoutLine: {'line': b'-- Up-to-date symlink: /home/yd/GitRepositories/UREx/install/telemetry_core/share/telemetry_core/local_setup.zsh\n'}
[4.140479] (telemetry_core) StdoutLine: {'line': b'-- Up-to-date symlink: /home/yd/GitRepositories/UREx/install/telemetry_core/share/telemetry_core/local_setup.dsv\n'}
[4.140571] (telemetry_core) StdoutLine: {'line': b'-- Symlinking: /home/yd/GitRepositories/UREx/install/telemetry_core/share/telemetry_core/package.dsv\n'}
[4.151067] (telemetry_core) StdoutLine: {'line': b'-- Up-to-date symlink: /home/yd/GitRepositories/UREx/install/telemetry_core/share/ament_index/resource_index/packages/telemetry_core\n'}
[4.151343] (telemetry_core) StdoutLine: {'line': b'-- Up-to-date symlink: /home/yd/GitRepositories/UREx/install/telemetry_core/share/telemetry_core/cmake/telemetry_coreConfig.cmake\n'}
[4.151483] (telemetry_core) StdoutLine: {'line': b'-- Up-to-date symlink: /home/yd/GitRepositories/UREx/install/telemetry_core/share/telemetry_core/cmake/telemetry_coreConfig-version.cmake\n'}
[4.151586] (telemetry_core) StdoutLine: {'line': b'-- Up-to-date symlink: /home/yd/GitRepositories/UREx/install/telemetry_core/share/telemetry_core/package.xml\n'}
[4.153071] (telemetry_core) CommandEnded: {'returncode': 0}
[4.169468] (telemetry_core) JobEnded: {'identifier': 'telemetry_core', 'rc': 0}
[4.170309] (-) EventReactorShutdown: {}
