[0.012s] Invoking command in '/home/yd/GitRepositories/UREx/build/telemetry_core': CMAKE_PREFIX_PATH=${CMAKE_PREFIX_PATH}:/opt/ros/jazzy DEBUGINFOD_URLS=https://debuginfod.cachyos.org https://debuginfod.archlinux.org /usr/bin/cmake --build /home/yd/GitRepositories/UREx/build/telemetry_core -- -j24 -l24
[0.079s] [ 50%] Built target manipulator
[0.085s] [100%] Built target planner
[0.099s] Invoked command in '/home/yd/GitRepositories/UREx/build/telemetry_core' returned '0': CMAKE_PREFIX_PATH=${CMAKE_PREFIX_PATH}:/opt/ros/jazzy DEBUGINFOD_URLS=https://debuginfod.cachyos.org https://debuginfod.archlinux.org /usr/bin/cmake --build /home/yd/GitRepositories/UREx/build/telemetry_core -- -j24 -l24
[0.111s] Invoking command in '/home/yd/GitRepositories/UREx/build/telemetry_core': CMAKE_PREFIX_PATH=${CMAKE_PREFIX_PATH}:/opt/ros/jazzy DEBUGINFOD_URLS=https://debuginfod.cachyos.org https://debuginfod.archlinux.org /usr/bin/cmake --install /home/yd/GitRepositories/UREx/build/telemetry_core
[0.119s] -- Install configuration: ""
[0.119s] -- Execute custom install script
[0.120s] -- Up-to-date symlink: /home/yd/GitRepositories/UREx/install/telemetry_core/lib/telemetry_core/planner
[0.120s] -- Up-to-date symlink: /home/yd/GitRepositories/UREx/install/telemetry_core/lib/telemetry_core/manipulator
[0.120s] -- Up-to-date symlink: /home/yd/GitRepositories/UREx/install/telemetry_core/share/ament_index/resource_index/package_run_dependencies/telemetry_core
[0.120s] -- Up-to-date symlink: /home/yd/GitRepositories/UREx/install/telemetry_core/share/ament_index/resource_index/parent_prefix_path/telemetry_core
[0.120s] -- Up-to-date symlink: /home/yd/GitRepositories/UREx/install/telemetry_core/share/telemetry_core/environment/ament_prefix_path.sh
[0.120s] -- Up-to-date symlink: /home/yd/GitRepositories/UREx/install/telemetry_core/share/telemetry_core/environment/ament_prefix_path.dsv
[0.121s] -- Up-to-date symlink: /home/yd/GitRepositories/UREx/install/telemetry_core/share/telemetry_core/environment/path.sh
[0.121s] -- Up-to-date symlink: /home/yd/GitRepositories/UREx/install/telemetry_core/share/telemetry_core/environment/path.dsv
[0.121s] -- Up-to-date symlink: /home/yd/GitRepositories/UREx/install/telemetry_core/share/telemetry_core/local_setup.bash
[0.121s] -- Up-to-date symlink: /home/yd/GitRepositories/UREx/install/telemetry_core/share/telemetry_core/local_setup.sh
[0.121s] -- Up-to-date symlink: /home/yd/GitRepositories/UREx/install/telemetry_core/share/telemetry_core/local_setup.zsh
[0.121s] -- Up-to-date symlink: /home/yd/GitRepositories/UREx/install/telemetry_core/share/telemetry_core/local_setup.dsv
[0.122s] -- Symlinking: /home/yd/GitRepositories/UREx/install/telemetry_core/share/telemetry_core/package.dsv
[0.131s] -- Up-to-date symlink: /home/yd/GitRepositories/UREx/install/telemetry_core/share/ament_index/resource_index/packages/telemetry_core
[0.132s] -- Up-to-date symlink: /home/yd/GitRepositories/UREx/install/telemetry_core/share/telemetry_core/cmake/telemetry_coreConfig.cmake
[0.132s] -- Up-to-date symlink: /home/yd/GitRepositories/UREx/install/telemetry_core/share/telemetry_core/cmake/telemetry_coreConfig-version.cmake
[0.132s] -- Up-to-date symlink: /home/yd/GitRepositories/UREx/install/telemetry_core/share/telemetry_core/package.xml
[0.134s] Invoked command in '/home/yd/GitRepositories/UREx/build/telemetry_core' returned '0': CMAKE_PREFIX_PATH=${CMAKE_PREFIX_PATH}:/opt/ros/jazzy DEBUGINFOD_URLS=https://debuginfod.cachyos.org https://debuginfod.archlinux.org /usr/bin/cmake --install /home/yd/GitRepositories/UREx/build/telemetry_core
