[0.012s] Invoking command in '/home/yd/GitRepositories/UREx/build/telemetry_core': CMAKE_PREFIX_PATH=${CMAKE_PREFIX_PATH}:/opt/ros/jazzy DEBUGINFOD_URLS=https://debuginfod.cachyos.org https://debuginfod.archlinux.org /usr/bin/cmake --build /home/yd/GitRepositories/UREx/build/telemetry_core -- -j24 -l24
[0.049s] -- Found ament_cmake: 2.5.6 (/opt/ros/jazzy/share/ament_cmake/cmake)
[0.323s] -- Override CMake install command with custom implementation using symlinks instead of copying resources
[0.338s] -- Found rclcpp: 28.1.21 (/opt/ros/jazzy/share/rclcpp/cmake)
[0.369s] -- Found rosidl_generator_c: 4.6.9 (/opt/ros/jazzy/share/rosidl_generator_c/cmake)
[0.380s] -- Found rosidl_generator_cpp: 4.6.9 (/opt/ros/jazzy/share/rosidl_generator_cpp/cmake)
[0.392s] -- Using all available rosidl_typesupport_c: rosidl_typesupport_fastrtps_c;rosidl_typesupport_introspection_c
[0.407s] -- Using all available rosidl_typesupport_cpp: rosidl_typesupport_fastrtps_cpp;rosidl_typesupport_introspection_cpp
[0.481s] -- Found rmw_implementation_cmake: 7.3.3 (/opt/ros/jazzy/share/rmw_implementation_cmake/cmake)
[0.482s] -- Found rmw_fastrtps_cpp: 8.4.4 (/opt/ros/jazzy/share/rmw_fastrtps_cpp/cmake)
[0.562s] -- Using RMW implementation 'rmw_fastrtps_cpp' as default
[0.659s] -- Found geometry_msgs: 5.3.8 (/opt/ros/jazzy/share/geometry_msgs/cmake)
[0.708s] -- Found ament_lint_auto: 0.17.5 (/opt/ros/jazzy/share/ament_lint_auto/cmake)
[0.832s] -- Added test 'cppcheck' to perform static code analysis on C / C++ code
[0.832s] -- Configured cppcheck include dirs: 
[0.832s] -- Configured cppcheck exclude dirs and/or files: 
[0.832s] -- Added test 'lint_cmake' to check CMake code style
[0.833s] -- Added test 'uncrustify' to check C / C++ code style
[0.833s] -- Configured uncrustify additional arguments: 
[0.833s] -- Added test 'xmllint' to check XML markup files
[0.834s] -- Configuring done (0.8s)
[0.851s] -- Generating done (0.0s)
[0.856s] -- Build files have been written to: /home/yd/GitRepositories/UREx/build/telemetry_core
[0.900s] [ 25%] [32mBuilding CXX object CMakeFiles/manipulator.dir/src/manipulator_sub.cpp.o[0m
[0.900s] [ 50%] [32mBuilding CXX object CMakeFiles/planner.dir/src/planner_pub.cpp.o[0m
[1.061s] [ 75%] [32m[1mLinking CXX executable manipulator[0m
[1.181s] /usr/bin/ld: /usr/lib/gcc/x86_64-linux-gnu/13/../../../x86_64-linux-gnu/Scrt1.o: in function `_start':
[1.182s] (.text+0x1b): undefined reference to `main'
[1.184s] collect2: error: ld returned 1 exit status
[1.186s] gmake[2]: *** [CMakeFiles/manipulator.dir/build.make:178: manipulator] Error 1
[1.187s] gmake[1]: *** [CMakeFiles/Makefile2:165: CMakeFiles/manipulator.dir/all] Error 2
[1.187s] gmake[1]: *** Waiting for unfinished jobs....
[3.153s] [01m[K/home/yd/GitRepositories/UREx/src/telemetry_core/src/planner_pub.cpp:25:2:[m[K [01;31m[Kerror: [m[Kexpected ‘[01m[K;[m[K’ after class definition
[3.153s]    25 | }
[3.153s]       |  [01;31m[K^[m[K
[3.153s]       |  [32m[K;[m[K
[3.162s] [01m[K/home/yd/GitRepositories/UREx/src/telemetry_core/src/planner_pub.cpp:[m[K In constructor ‘[01m[KPlannerPub::[01;32m[KPlannerPub[m[K()[m[K’:
[3.163s] [01m[K/home/yd/GitRepositories/UREx/src/telemetry_core/src/planner_pub.cpp:11:9:[m[K [01;31m[Kerror: [m[K‘[01m[Kpublisher_[m[K’ was not declared in this scope; did you mean ‘[01m[Krmw_publisher_t[m[K’?
[3.163s]    11 |         [01;31m[Kpublisher_[m[K = this->create_publisher<geometry_msgs::msgs::Point>(
[3.163s]       |         [01;31m[K^~~~~~~~~~[m[K
[3.163s]       |         [32m[Krmw_publisher_t[m[K
[3.163s] [01m[K/home/yd/GitRepositories/UREx/src/telemetry_core/src/planner_pub.cpp:11:60:[m[K [01;31m[Kerror: [m[K‘[01m[Kmsgs[m[K’ is not a member of ‘[01m[Kgeometry_msgs[m[K’; did you mean ‘[01m[Kmsg[m[K’?
[3.163s]    11 |         publisher_ = this->create_publisher<geometry_msgs::[01;31m[Kmsgs[m[K::Point>(
[3.163s]       |                                                            [01;31m[K^~~~[m[K
[3.163s]       |                                                            [32m[Kmsg[m[K
[3.163s] [01m[K/home/yd/GitRepositories/UREx/src/telemetry_core/src/planner_pub.cpp:11:28:[m[K [01;31m[Kerror: [m[Kparse error in template argument list
[3.163s]    11 |         publisher_ = this->[01;31m[Kcreate_publisher<geometry_msgs::msgs::Point>[m[K(
[3.163s]       |                            [01;31m[K^~~~~~~~~~~~~~~~~~~~~~~~~~~~~~~~~~~~~~~~~~~~[m[K
[3.163s] [01m[K/home/yd/GitRepositories/UREx/src/telemetry_core/src/planner_pub.cpp:11:72:[m[K [01;31m[Kerror: [m[Kno matching function for call to ‘[01m[KPlannerPub::create_publisher<<expression error> >(const char [16], int)[m[K’
[3.163s]    11 |         publisher_ = [01;31m[Kthis->create_publisher<geometry_msgs::msgs::Point>([m[K
[3.163s]       |                      [01;31m[K~~~~~~~~~~~~~~~~~~~~~~~~~~~~~~~~~~~~~~~~~~~~~~~~~~^[m[K
[3.163s]    12 | [01;31m[K            "camera_setpoint", 10)[m[K;
[3.163s]       |             [01;31m[K~~~~~~~~~~~~~~~~~~~~~~[m[K                                      
[3.164s] In file included from [01m[K/opt/ros/jazzy/include/rclcpp/rclcpp/executors/single_threaded_executor.hpp:28[m[K,
[3.164s]                  from [01m[K/opt/ros/jazzy/include/rclcpp/rclcpp/executors.hpp:22[m[K,
[3.164s]                  from [01m[K/opt/ros/jazzy/include/rclcpp/rclcpp/rclcpp.hpp:176[m[K,
[3.164s]                  from [01m[K/home/yd/GitRepositories/UREx/src/telemetry_core/src/planner_pub.cpp:2[m[K:
[3.164s] [01m[K/opt/ros/jazzy/include/rclcpp/rclcpp/node.hpp:197:3:[m[K [01;36m[Knote: [m[Kcandidate: ‘[01m[Ktemplate<class MessageT, class AllocatorT, class PublisherT> std::shared_ptr<PublisherT> rclcpp::Node::[01;32m[Kcreate_publisher[m[K(const std::string&, const rclcpp::QoS&, const rclcpp::PublisherOptionsWithAllocator<AllocatorT>&)[m[K’
[3.164s]   197 |   [01;36m[Kcreate_publisher[m[K(
[3.164s]       |   [01;36m[K^~~~~~~~~~~~~~~~[m[K
[3.164s] [01m[K/opt/ros/jazzy/include/rclcpp/rclcpp/node.hpp:197:3:[m[K [01;36m[Knote: [m[K  template argument deduction/substitution failed:
[3.164s] [01m[K/home/yd/GitRepositories/UREx/src/telemetry_core/src/planner_pub.cpp:11:72:[m[K [01;31m[Kerror: [m[Ktemplate argument 1 is invalid
[3.164s]    11 |         publisher_ = [01;31m[Kthis->create_publisher<geometry_msgs::msgs::Point>([m[K
[3.164s]       |                      [01;31m[K~~~~~~~~~~~~~~~~~~~~~~~~~~~~~~~~~~~~~~~~~~~~~~~~~~^[m[K
[3.164s]    12 | [01;31m[K            "camera_setpoint", 10)[m[K;
[3.164s]       |             [01;31m[K~~~~~~~~~~~~~~~~~~~~~~[m[K                                      
[3.170s] [01m[K/home/yd/GitRepositories/UREx/src/telemetry_core/src/planner_pub.cpp:13:9:[m[K [01;31m[Kerror: [m[K‘[01m[Ktimer_[m[K’ was not declared in this scope; did you mean ‘[01m[Ktimer_t[m[K’?
[3.170s]    13 |         [01;31m[Ktimer_[m[K = this->create_wall_timer(
[3.170s]       |         [01;31m[K^~~~~~[m[K
[3.170s]       |         [32m[Ktimer_t[m[K
[3.177s] [01m[K/home/yd/GitRepositories/UREx/src/telemetry_core/src/planner_pub.cpp:[m[K In member function ‘[01m[Kvoid PlannerPub::[01;32m[Ktimer_callback[m[K()[m[K’:
[3.177s] [01m[K/home/yd/GitRepositories/UREx/src/telemetry_core/src/planner_pub.cpp:22:19:[m[K [01;35m[Kwarning: [m[Kstatement has no effect [[01;35m[K]8;;https://gcc.gnu.org/onlinedocs/gcc/Warning-Options.html#index-Wunused-value-Wunused-value]8;;[m[K]
[3.177s]    22 |         [01;35m[Kmessage.z - 0.3[m[K;
[3.178s]       |         [01;35m[K~~~~~~~~~~^~~~~[m[K
[3.178s] In file included from [01m[K/opt/ros/jazzy/include/rclcpp/rclcpp/logging.hpp:24[m[K,
[3.178s]                  from [01m[K/opt/ros/jazzy/include/rclcpp/rclcpp/copy_all_parameter_values.hpp:27[m[K,
[3.178s]                  from [01m[K/opt/ros/jazzy/include/rclcpp/rclcpp/rclcpp.hpp:175[m[K:
[3.178s] [01m[K/home/yd/GitRepositories/UREx/src/telemetry_core/src/planner_pub.cpp:23:9:[m[K [01;31m[Kerror: [m[Kexpected primary-expression before ‘[01m[K)[m[K’ token
[3.178s]    23 |         [01;31m[KRCLCPP_INFO[m[K(this->get_logger(), )
[3.178s]       |         [01;31m[K^~~~~~~~~~~[m[K
[3.178s] [01m[K/home/yd/GitRepositories/UREx/src/telemetry_core/src/planner_pub.cpp:24:5:[m[K [01;31m[Kerror: [m[Kexpected ‘[01m[K;[m[K’ before ‘[01m[K}[m[K’ token
[3.178s]    24 |     [01;31m[K}[m[K
[3.178s]       |     [01;31m[K^[m[K
[3.850s] gmake[2]: *** [CMakeFiles/planner.dir/build.make:76: CMakeFiles/planner.dir/src/planner_pub.cpp.o] Error 1
[3.851s] gmake[1]: *** [CMakeFiles/Makefile2:139: CMakeFiles/planner.dir/all] Error 2
[3.851s] gmake: *** [Makefile:146: all] Error 2
[3.854s] Invoked command in '/home/yd/GitRepositories/UREx/build/telemetry_core' returned '2': CMAKE_PREFIX_PATH=${CMAKE_PREFIX_PATH}:/opt/ros/jazzy DEBUGINFOD_URLS=https://debuginfod.cachyos.org https://debuginfod.archlinux.org /usr/bin/cmake --build /home/yd/GitRepositories/UREx/build/telemetry_core -- -j24 -l24
