[0.014s] Invoking command in '/home/yd/GitRepositories/UREx/build/telemetry_core': CMAKE_PREFIX_PATH=${CMAKE_PREFIX_PATH}:/opt/ros/jazzy DEBUGINFOD_URLS=https://debuginfod.cachyos.org https://debuginfod.archlinux.org /usr/bin/cmake --build /home/yd/GitRepositories/UREx/build/telemetry_core -- -j24 -l24
[0.079s] [ 25%] [32mBuilding CXX object CMakeFiles/manipulator.dir/src/manipulator_sub.cpp.o[0m
[0.087s] [ 50%] [32mBuilding CXX object CMakeFiles/planner.dir/src/planner_pub.cpp.o[0m
[1.960s] [01m[K/home/yd/GitRepositories/UREx/src/telemetry_core/src/planner_pub.cpp:[m[K In member function ‘[01m[Kvoid PlannerPub::[01;32m[Ktimer_callback[m[K()[m[K’:
[1.960s] [01m[K/home/yd/GitRepositories/UREx/src/telemetry_core/src/planner_pub.cpp:24:19:[m[K [01;35m[Kwarning: [m[Kstatement has no effect [[01;35m[K]8;;https://gcc.gnu.org/onlinedocs/gcc/Warning-Options.html#index-Wunused-value-Wunused-value]8;;[m[K]
[1.960s]    24 |         [01;35m[Kmessage.z - 0.3[m[K;
[1.960s]       |         [01;35m[K~~~~~~~~~~^~~~~[m[K
[4.068s] [ 75%] [32m[1mLinking CXX executable planner[0m
[4.248s] [ 75%] Built target planner
[7.289s] [100%] [32m[1mLinking CXX executable manipulator[0m
[7.562s] [100%] Built target manipulator
[7.577s] Invoked command in '/home/yd/GitRepositories/UREx/build/telemetry_core' returned '0': CMAKE_PREFIX_PATH=${CMAKE_PREFIX_PATH}:/opt/ros/jazzy DEBUGINFOD_URLS=https://debuginfod.cachyos.org https://debuginfod.archlinux.org /usr/bin/cmake --build /home/yd/GitRepositories/UREx/build/telemetry_core -- -j24 -l24
[7.591s] Invoking command in '/home/yd/GitRepositories/UREx/build/telemetry_core': CMAKE_PREFIX_PATH=${CMAKE_PREFIX_PATH}:/opt/ros/jazzy DEBUGINFOD_URLS=https://debuginfod.cachyos.org https://debuginfod.archlinux.org /usr/bin/cmake --install /home/yd/GitRepositories/UREx/build/telemetry_core
[7.600s] -- Install configuration: ""
[7.600s] -- Execute custom install script
[7.601s] -- Symlinking: /home/yd/GitRepositories/UREx/install/telemetry_core/lib/telemetry_core/planner
[7.612s] -- Symlinking: /home/yd/GitRepositories/UREx/install/telemetry_core/lib/telemetry_core/manipulator
[7.623s] -- Up-to-date symlink: /home/yd/GitRepositories/UREx/install/telemetry_core/share/ament_index/resource_index/package_run_dependencies/telemetry_core
[7.623s] -- Up-to-date symlink: /home/yd/GitRepositories/UREx/install/telemetry_core/share/ament_index/resource_index/parent_prefix_path/telemetry_core
[7.623s] -- Up-to-date symlink: /home/yd/GitRepositories/UREx/install/telemetry_core/share/telemetry_core/environment/ament_prefix_path.sh
[7.623s] -- Up-to-date symlink: /home/yd/GitRepositories/UREx/install/telemetry_core/share/telemetry_core/environment/ament_prefix_path.dsv
[7.623s] -- Up-to-date symlink: /home/yd/GitRepositories/UREx/install/telemetry_core/share/telemetry_core/environment/path.sh
[7.623s] -- Up-to-date symlink: /home/yd/GitRepositories/UREx/install/telemetry_core/share/telemetry_core/environment/path.dsv
[7.624s] -- Up-to-date symlink: /home/yd/GitRepositories/UREx/install/telemetry_core/share/telemetry_core/local_setup.bash
[7.624s] -- Up-to-date symlink: /home/yd/GitRepositories/UREx/install/telemetry_core/share/telemetry_core/local_setup.sh
[7.624s] -- Up-to-date symlink: /home/yd/GitRepositories/UREx/install/telemetry_core/share/telemetry_core/local_setup.zsh
[7.624s] -- Up-to-date symlink: /home/yd/GitRepositories/UREx/install/telemetry_core/share/telemetry_core/local_setup.dsv
[7.624s] -- Symlinking: /home/yd/GitRepositories/UREx/install/telemetry_core/share/telemetry_core/package.dsv
[7.635s] -- Up-to-date symlink: /home/yd/GitRepositories/UREx/install/telemetry_core/share/ament_index/resource_index/packages/telemetry_core
[7.636s] -- Up-to-date symlink: /home/yd/GitRepositories/UREx/install/telemetry_core/share/telemetry_core/cmake/telemetry_coreConfig.cmake
[7.636s] -- Up-to-date symlink: /home/yd/GitRepositories/UREx/install/telemetry_core/share/telemetry_core/cmake/telemetry_coreConfig-version.cmake
[7.636s] -- Up-to-date symlink: /home/yd/GitRepositories/UREx/install/telemetry_core/share/telemetry_core/package.xml
[7.638s] Invoked command in '/home/yd/GitRepositories/UREx/build/telemetry_core' returned '0': CMAKE_PREFIX_PATH=${CMAKE_PREFIX_PATH}:/opt/ros/jazzy DEBUGINFOD_URLS=https://debuginfod.cachyos.org https://debuginfod.archlinux.org /usr/bin/cmake --install /home/yd/GitRepositories/UREx/build/telemetry_core
