[0.011s] Invoking command in '/home/yd/GitRepositories/UREx/build/telemetry_core': CMAKE_PREFIX_PATH=${CMAKE_PREFIX_PATH}:/opt/ros/jazzy DEBUGINFOD_URLS=https://debuginfod.cachyos.org https://debuginfod.archlinux.org /usr/bin/cmake --build /home/yd/GitRepositories/UREx/build/telemetry_core -- -j24 -l24
[0.080s] [ 75%] Built target manipulator
[0.080s] [ 75%] [32mBuilding CXX object CMakeFiles/planner.dir/src/planner_pub.cpp.o[0m
[3.934s] [100%] [32m[1mLinking CXX executable planner[0m
[4.105s] [100%] Built target planner
[4.117s] Invoked command in '/home/yd/GitRepositories/UREx/build/telemetry_core' returned '0': CMAKE_PREFIX_PATH=${CMAKE_PREFIX_PATH}:/opt/ros/jazzy DEBUGINFOD_URLS=https://debuginfod.cachyos.org https://debuginfod.archlinux.org /usr/bin/cmake --build /home/yd/GitRepositories/UREx/build/telemetry_core -- -j24 -l24
[4.129s] Invoking command in '/home/yd/GitRepositories/UREx/build/telemetry_core': CMAKE_PREFIX_PATH=${CMAKE_PREFIX_PATH}:/opt/ros/jazzy DEBUGINFOD_URLS=https://debuginfod.cachyos.org https://debuginfod.archlinux.org /usr/bin/cmake --install /home/yd/GitRepositories/UREx/build/telemetry_core
[4.137s] -- Install configuration: ""
[4.138s] -- Execute custom install script
[4.138s] -- Up-to-date symlink: /home/yd/GitRepositories/UREx/install/telemetry_core/lib/telemetry_core/planner
[4.138s] -- Up-to-date symlink: /home/yd/GitRepositories/UREx/install/telemetry_core/lib/telemetry_core/manipulator
[4.138s] -- Up-to-date symlink: /home/yd/GitRepositories/UREx/install/telemetry_core/share/ament_index/resource_index/package_run_dependencies/telemetry_core
[4.139s] -- Up-to-date symlink: /home/yd/GitRepositories/UREx/install/telemetry_core/share/ament_index/resource_index/parent_prefix_path/telemetry_core
[4.139s] -- Up-to-date symlink: /home/yd/GitRepositories/UREx/install/telemetry_core/share/telemetry_core/environment/ament_prefix_path.sh
[4.139s] -- Up-to-date symlink: /home/yd/GitRepositories/UREx/install/telemetry_core/share/telemetry_core/environment/ament_prefix_path.dsv
[4.139s] -- Up-to-date symlink: /home/yd/GitRepositories/UREx/install/telemetry_core/share/telemetry_core/environment/path.sh
[4.139s] -- Up-to-date symlink: /home/yd/GitRepositories/UREx/install/telemetry_core/share/telemetry_core/environment/path.dsv
[4.139s] -- Up-to-date symlink: /home/yd/GitRepositories/UREx/install/telemetry_core/share/telemetry_core/local_setup.bash
[4.139s] -- Up-to-date symlink: /home/yd/GitRepositories/UREx/install/telemetry_core/share/telemetry_core/local_setup.sh
[4.139s] -- Up-to-date symlink: /home/yd/GitRepositories/UREx/install/telemetry_core/share/telemetry_core/local_setup.zsh
[4.140s] -- Up-to-date symlink: /home/yd/GitRepositories/UREx/install/telemetry_core/share/telemetry_core/local_setup.dsv
[4.140s] -- Symlinking: /home/yd/GitRepositories/UREx/install/telemetry_core/share/telemetry_core/package.dsv
[4.150s] -- Up-to-date symlink: /home/yd/GitRepositories/UREx/install/telemetry_core/share/ament_index/resource_index/packages/telemetry_core
[4.150s] -- Up-to-date symlink: /home/yd/GitRepositories/UREx/install/telemetry_core/share/telemetry_core/cmake/telemetry_coreConfig.cmake
[4.151s] -- Up-to-date symlink: /home/yd/GitRepositories/UREx/install/telemetry_core/share/telemetry_core/cmake/telemetry_coreConfig-version.cmake
[4.151s] -- Up-to-date symlink: /home/yd/GitRepositories/UREx/install/telemetry_core/share/telemetry_core/package.xml
[4.152s] Invoked command in '/home/yd/GitRepositories/UREx/build/telemetry_core' returned '0': CMAKE_PREFIX_PATH=${CMAKE_PREFIX_PATH}:/opt/ros/jazzy DEBUGINFOD_URLS=https://debuginfod.cachyos.org https://debuginfod.archlinux.org /usr/bin/cmake --install /home/yd/GitRepositories/UREx/build/telemetry_core
